 main

 Timestamp is 5c7b3e3d (Sat Mar  2 18:38:53 2019)

 Preferred load address is 0000000140000000

 Start         Length     Name                   Class
 0001:00000000 00014fd0H .text$mn                CODE
 0001:00014fd0 00000020H .text$mn$00             CODE
 0001:00014ff0 0000007eH .text$x                 CODE
 0002:00000000 00000510H .idata$5                DATA
 0002:00000510 00000010H .00cfg                  DATA
 0002:00000520 00000008H .CRT$XCA                DATA
 0002:00000528 00000008H .CRT$XCAA               DATA
 0002:00000530 00000008H .CRT$XCZ                DATA
 0002:00000538 00000008H .CRT$XIA                DATA
 0002:00000540 00000008H .CRT$XIAA               DATA
 0002:00000548 00000008H .CRT$XIAC               DATA
 0002:00000550 00000008H .CRT$XIZ                DATA
 0002:00000558 00000008H .CRT$XPA                DATA
 0002:00000560 00000008H .CRT$XPZ                DATA
 0002:00000568 00000008H .CRT$XTA                DATA
 0002:00000570 00000010H .CRT$XTZ                DATA
 0002:00000578 00000000H .gfids$y                DATA
 0002:00000580 000029b0H .rdata                  DATA
 0002:00002f30 000002b0H .rdata$zzzdbg           DATA
 0002:000031e0 00000008H .rtc$IAA                DATA
 0002:000031e8 00000008H .rtc$IZZ                DATA
 0002:000031f0 00000008H .rtc$TAA                DATA
 0002:000031f8 00000008H .rtc$TZZ                DATA
 0002:00003200 00000e30H .xdata                  DATA
 0002:00004030 00000050H .edata                  DATA
 0002:00004080 00000118H .idata$2                DATA
 0002:00004198 00000018H .idata$3                DATA
 0002:000041b0 00000510H .idata$4                DATA
 0002:000046c0 00000ecaH .idata$6                DATA
 0003:00000000 00005f80H .data                   DATA
 0003:00005f80 00003ab0H .bss                    DATA
 0004:00000000 00000cf0H .pdata                  DATA

  Address         Publics by Value              Rva+Base               Lib:Object

 0000:00000000       __guard_fids_count         0000000000000000     <absolute>
 0000:00000000       __dynamic_value_reloc_table 0000000000000000     <absolute>
 0000:00000000       __guard_iat_count          0000000000000000     <absolute>
 0000:00000000       ___safe_se_handler_count   0000000000000000     <absolute>
 0000:00000000       __guard_iat_table          0000000000000000     <absolute>
 0000:00000000       __hybrid_code_map          0000000000000000     <absolute>
 0000:00000000       __enclave_config           0000000000000000     <absolute>
 0000:00000000       __hybrid_code_map_count    0000000000000000     <absolute>
 0000:00000000       __guard_longjmp_table      0000000000000000     <absolute>
 0000:00000000       __guard_longjmp_count      0000000000000000     <absolute>
 0000:00000000       ___safe_se_handler_table   0000000000000000     <absolute>
 0000:00000000       __guard_fids_table         0000000000000000     <absolute>
 0000:00000000       __volatile_metadata        0000000000000000     <absolute>
 0000:00000000       __hybrid_auxiliary_iat     0000000000000000     <absolute>
 0000:00000100       __guard_flags              0000000000000100     <absolute>
 0000:00000000       __ImageBase                0000000140000000     <linker-defined>
 0001:00000000       main                       0000000140001000 f   main.obj
 0001:000005e0       ??$?6U?$char_traits@D@std@@@std@@YAAEAV?$basic_ostream@DU?$char_traits@D@std@@@0@AEAV10@PEBD@Z 00000001400015e0 f i main.obj
 0001:00000950       ??$endl@DU?$char_traits@D@std@@@std@@YAAEAV?$basic_ostream@DU?$char_traits@D@std@@@0@AEAV10@@Z 0000000140001950 f i main.obj
 0001:000009a0       ??$max@H@std@@YAAEBHAEBH0@Z 00000001400019a0 f i main.obj
 0001:000009d0       ??0_Sentry_base@?$basic_ostream@DU?$char_traits@D@std@@@std@@QEAA@AEAV12@@Z 00000001400019d0 f i main.obj
 0001:00000a70       ??0sentry@?$basic_ostream@DU?$char_traits@D@std@@@std@@QEAA@AEAV12@@Z 0000000140001a70 f i main.obj
 0001:00000b60       ??1_Sentry_base@?$basic_ostream@DU?$char_traits@D@std@@@std@@QEAA@XZ 0000000140001b60 f i main.obj
 0001:00000bf0       ??1sentry@?$basic_ostream@DU?$char_traits@D@std@@@std@@QEAA@XZ 0000000140001bf0 f i main.obj
 0001:00000c30       ??Bsentry@?$basic_ostream@DU?$char_traits@D@std@@@std@@QEBA_NXZ 0000000140001c30 f i main.obj
 0001:00000c40       ?eof@?$char_traits@D@std@@SAHXZ 0000000140001c40 f i main.obj
 0001:00000c50       ?eq_int_type@?$char_traits@D@std@@SA_NAEBH0@Z 0000000140001c50 f i main.obj
 0001:00000c90       ?length@?$char_traits@D@std@@SA_KQEBD@Z 0000000140001c90 f i main.obj
 0001:00000cb0       gladLoadGL                 0000000140001cb0 f   glad.obj
 0001:00000cf0       gladLoadGLLoader           0000000140001cf0 f   glad.obj
 0001:00006360       __local_stdio_scanf_options 0000000140007360 f i glad.obj
 0001:00006370       _vsscanf_s_l               0000000140007370 f i glad.obj
 0001:000063d0       sscanf_s                   00000001400073d0 f i glad.obj
 0001:00006420       vsscanf_s                  0000000140007420 f i glad.obj
 0001:00006450       __GSHandlerCheck           0000000140007450 f   msvcrt:gshandler.obj
 0001:00006470       __GSHandlerCheckCommon     0000000140007470 f   msvcrt:gshandler.obj
 0001:000064e0       __security_check_cookie    00000001400074e0 f   msvcrt:amdsecgs.obj
 0001:00006764       mainCRTStartup             0000000140007764 f   msvcrt:exe_main.obj
 0001:00006778       __raise_securityfailure    0000000140007778 f   msvcrt:gs_report.obj
 0001:000067ac       __report_gsfailure         00000001400077ac f   msvcrt:gs_report.obj
 0001:000068f4       __scrt_acquire_startup_lock 00000001400078f4 f   msvcrt:utility.obj
 0001:00006930       __scrt_initialize_crt      0000000140007930 f   msvcrt:utility.obj
 0001:0000697c       __scrt_initialize_onexit_tables 000000014000797c f   msvcrt:utility.obj
 0001:00006a54       __scrt_is_nonwritable_in_current_image 0000000140007a54 f   msvcrt:utility.obj
 0001:00006af0       __scrt_release_startup_lock 0000000140007af0 f   msvcrt:utility.obj
 0001:00006b14       __scrt_uninitialize_crt    0000000140007b14 f   msvcrt:utility.obj
 0001:00006b40       _onexit                    0000000140007b40 f   msvcrt:utility.obj
 0001:00006b90       atexit                     0000000140007b90 f   msvcrt:utility.obj
 0001:00006ba8       __security_init_cookie     0000000140007ba8 f   msvcrt:gs_support.obj
 0001:00006c54       __scrt_exe_initialize_mta  0000000140007c54 f   msvcrt:utility_desktop.obj
 0001:00006c54       __scrt_stub_for_initialize_mta 0000000140007c54 f   msvcrt:utility_desktop.obj
 0001:00006c54       _matherr                   0000000140007c54 f   msvcrt:matherr.obj
 0001:00006c54       __scrt_initialize_winrt    0000000140007c54 f   msvcrt:utility_desktop.obj
 0001:00006c54       _get_startup_new_mode      0000000140007c54 f   msvcrt:new_mode.obj
 0001:00006c54       _get_startup_commit_mode   0000000140007c54 f   msvcrt:commit_mode.obj
 0001:00006c54       _get_startup_thread_locale_mode 0000000140007c54 f   msvcrt:thread_locale.obj
 0001:00006c58       _get_startup_argv_mode     0000000140007c58 f   msvcrt:argv_mode.obj
 0001:00006c60       _get_startup_file_mode     0000000140007c60 f   msvcrt:file_mode.obj
 0001:00006c68       ?__scrt_initialize_type_info@@YAXXZ 0000000140007c68 f   msvcrt:tncleanup.obj
 0001:00006c78       __acrt_uninitialize        0000000140007c78 f   msvcrt:ucrt_stubs.obj
 0001:00006c78       __vcrt_uninitialize        0000000140007c78 f   msvcrt:ucrt_stubs.obj
 0001:00006c78       __vcrt_initialize          0000000140007c78 f   msvcrt:ucrt_stubs.obj
 0001:00006c78       __acrt_initialize          0000000140007c78 f   msvcrt:ucrt_stubs.obj
 0001:00006c78       __scrt_stub_for_acrt_initialize 0000000140007c78 f   msvcrt:ucrt_stubs.obj
 0001:00006c78       _should_initialize_environment 0000000140007c78 f   msvcrt:env_mode.obj
 0001:00006c78       __scrt_stub_for_acrt_uninitialize 0000000140007c78 f   msvcrt:ucrt_stubs.obj
 0001:00006c7c       _initialize_denormal_control 0000000140007c7c f   msvcrt:denormal_control.obj
 0001:00006c7c       _initialize_invalid_parameter_handler 0000000140007c7c f   msvcrt:invalid_parameter_handler.obj
 0001:00006c7c       _guard_check_icall_nop     0000000140007c7c f   msvcrt:guard_support.obj
 0001:00006c80       __local_stdio_printf_options 0000000140007c80 f i msvcrt:default_local_stdio_options.obj
 0001:00006c88       __scrt_initialize_default_local_stdio_options 0000000140007c88 f   msvcrt:default_local_stdio_options.obj
 0001:00006ca4       __scrt_is_user_matherr_present 0000000140007ca4 f   msvcrt:matherr_detection.obj
 0001:00006cb0       __scrt_get_dyn_tls_init_callback 0000000140007cb0 f   msvcrt:dyn_tls_init.obj
 0001:00006cb8       __scrt_get_dyn_tls_dtor_callback 0000000140007cb8 f   msvcrt:dyn_tls_dtor.obj
 0001:00006cc0       __crt_debugger_hook        0000000140007cc0 f   msvcrt:utility_desktop.obj
 0001:00006cc8       __scrt_fastfail            0000000140007cc8 f   msvcrt:utility_desktop.obj
 0001:00006e14       __scrt_initialize_mta      0000000140007e14 f   msvcrt:utility_desktop.obj
 0001:00006e1c       __scrt_is_managed_app      0000000140007e1c f   msvcrt:utility_desktop.obj
 0001:00006e70       __scrt_set_unhandled_exception_filter 0000000140007e70 f   msvcrt:utility_desktop.obj
 0001:00006e80       __scrt_unhandled_exception_filter 0000000140007e80 f   msvcrt:utility_desktop.obj
 0001:00006eb8       _RTC_Initialize            0000000140007eb8 f   msvcrt:initsect.obj
 0001:00006ef4       _RTC_Terminate             0000000140007ef4 f   msvcrt:initsect.obj
 0001:00006f30       __isa_available_init       0000000140007f30 f   msvcrt:cpu_disp.obj
 0001:000070ec       __scrt_is_ucrt_dll_in_use  00000001400080ec f   msvcrt:ucrt_detection.obj
 0001:00007100       __CxxFrameHandler3         0000000140008100 f   vcruntime:VCRUNTIME140.dll
 0001:00007106       memcpy                     0000000140008106 f   vcruntime:VCRUNTIME140.dll
 0001:0000710c       __C_specific_handler       000000014000810c f   vcruntime:VCRUNTIME140.dll
 0001:00007112       memset                     0000000140008112 f   vcruntime:VCRUNTIME140.dll
 0001:00007120       _glfwInputError            0000000140008120 f   glfw3:init.c.obj
 0001:000072b0       glfwInit                   00000001400082b0 f   glfw3:init.c.obj
 0001:00007320       glfwTerminate              0000000140008320 f   glfw3:init.c.obj
 0001:00007430       _glfwInputFramebufferSize  0000000140008430 f   glfw3:window.c.obj
 0001:00007440       _glfwInputWindowCloseRequest 0000000140008440 f   glfw3:window.c.obj
 0001:00007460       _glfwInputWindowDamage     0000000140008460 f   glfw3:window.c.obj
 0001:00007470       _glfwInputWindowFocus      0000000140008470 f   glfw3:window.c.obj
 0001:00007520       _glfwInputWindowIconify    0000000140008520 f   glfw3:window.c.obj
 0001:00007530       _glfwInputWindowMonitorChange 0000000140008530 f   glfw3:window.c.obj
 0001:00007540       _glfwInputWindowPos        0000000140008540 f   glfw3:window.c.obj
 0001:00007550       _glfwInputWindowSize       0000000140008550 f   glfw3:window.c.obj
 0001:00007560       glfwCreateWindow           0000000140008560 f   glfw3:window.c.obj
 0001:000077d0       glfwDefaultWindowHints     00000001400087d0 f   glfw3:window.c.obj
 0001:00007870       glfwDestroyWindow          0000000140008870 f   glfw3:window.c.obj
 0001:00007900       glfwGetFramebufferSize     0000000140008900 f   glfw3:window.c.obj
 0001:00007930       glfwPollEvents             0000000140008930 f   glfw3:window.c.obj
 0001:00007950       glfwWindowShouldClose      0000000140008950 f   glfw3:window.c.obj
 0001:00007980       _glfwChooseFBConfig        0000000140008980 f   glfw3:context.c.obj
 0001:00007b70       _glfwIsValidContextConfig  0000000140008b70 f   glfw3:context.c.obj
 0001:00007d70       _glfwRefreshContextAttribs 0000000140008d70 f   glfw3:context.c.obj
 0001:00008170       _glfwStringInExtensionString 0000000140009170 f   glfw3:context.c.obj
 0001:000081e0       glfwExtensionSupported     00000001400091e0 f   glfw3:context.c.obj
 0001:00008340       glfwGetProcAddress         0000000140009340 f   glfw3:context.c.obj
 0001:000083a0       glfwMakeContextCurrent     00000001400093a0 f   glfw3:context.c.obj
 0001:00008430       glfwSwapBuffers            0000000140009430 f   glfw3:context.c.obj
 0001:00008470       glfwSwapInterval           0000000140009470 f   glfw3:context.c.obj
 0001:000084c0       sscanf                     00000001400094c0 f i glfw3:context.c.obj
 0001:00008510       _glfwInputChar             0000000140009510 f   glfw3:input.c.obj
 0001:00008570       _glfwInputCursorEnter      0000000140009570 f   glfw3:input.c.obj
 0001:00008580       _glfwInputCursorPos        0000000140009580 f   glfw3:input.c.obj
 0001:000085c0       _glfwInputDrop             00000001400095c0 f   glfw3:input.c.obj
 0001:000085d0       _glfwInputJoystickChange   00000001400095d0 f   glfw3:input.c.obj
 0001:000085e0       _glfwInputKey              00000001400095e0 f   glfw3:input.c.obj
 0001:00008640       _glfwInputMouseClick       0000000140009640 f   glfw3:input.c.obj
 0001:00008680       _glfwInputScroll           0000000140009680 f   glfw3:input.c.obj
 0001:00008690       glfwDestroyCursor          0000000140009690 f   glfw3:input.c.obj
 0001:00008750       _glfwCreateUTF8FromWideStringWin32 0000000140009750 f   glfw3:win32_init.c.obj
 0001:00008810       _glfwCreateWideStringFromUTF8Win32 0000000140009810 f   glfw3:win32_init.c.obj
 0001:000088c0       _glfwPlatformInit          00000001400098c0 f   glfw3:win32_init.c.obj
 0001:00008970       _glfwPlatformTerminate     0000000140009970 f   glfw3:win32_init.c.obj
 0001:00009060       _glfwPlatformGetMonitorPos 000000014000a060 f   glfw3:win32_monitor.c.obj
 0001:00009100       _glfwPlatformGetMonitors   000000014000a100 f   glfw3:win32_monitor.c.obj
 0001:000094e0       _glfwPlatformGetVideoMode  000000014000a4e0 f   glfw3:win32_monitor.c.obj
 0001:000095a0       _glfwPlatformGetVideoModes 000000014000a5a0 f   glfw3:win32_monitor.c.obj
 0001:000097c0       _glfwPlatformIsSameMonitor 000000014000a7c0 f   glfw3:win32_monitor.c.obj
 0001:00009840       _glfwPlatformSetGammaRamp  000000014000a840 f   glfw3:win32_monitor.c.obj
 0001:00009a20       _glfwRestoreVideoModeWin32 000000014000aa20 f   glfw3:win32_monitor.c.obj
 0001:00009a60       _glfwSetVideoModeWin32     000000014000aa60 f   glfw3:win32_monitor.c.obj
 0001:00009d30       _glfwInitTimerWin32        000000014000ad30 f   glfw3:win32_time.c.obj
 0001:00009d80       _glfwPlatformGetTimerValue 000000014000ad80 f   glfw3:win32_time.c.obj
 0001:00009db0       _glfwAllocMonitor          000000014000adb0 f   glfw3:monitor.c.obj
 0001:00009e10       _glfwChooseVideoMode       000000014000ae10 f   glfw3:monitor.c.obj
 0001:00009f40       _glfwCompareVideoModes     000000014000af40 f   glfw3:monitor.c.obj
 0001:00009f90       _glfwFreeMonitor           000000014000af90 f   glfw3:monitor.c.obj
 0001:0000a030       _glfwFreeMonitors          000000014000b030 f   glfw3:monitor.c.obj
 0001:0000a110       _glfwInputMonitorChange    000000014000b110 f   glfw3:monitor.c.obj
 0001:0000a320       _glfwInputMonitorWindowChange 000000014000b320 f   glfw3:monitor.c.obj
 0001:0000a330       _glfwSplitBPP              000000014000b330 f   glfw3:monitor.c.obj
 0001:0000a400       _glfwTerminateVulkan       000000014000b400 f   glfw3:vulkan.c.obj
 0001:0000a460       _glfwPlatformCreateWindow  000000014000b460 f   glfw3:win32_window.c.obj
 0001:0000a560       _glfwPlatformDestroyCursor 000000014000b560 f   glfw3:win32_window.c.obj
 0001:0000a580       _glfwPlatformDestroyWindow 000000014000b580 f   glfw3:win32_window.c.obj
 0001:0000a630       _glfwPlatformFocusWindow   000000014000b630 f   glfw3:win32_window.c.obj
 0001:0000a670       _glfwPlatformGetFramebufferSize 000000014000b670 f   glfw3:win32_window.c.obj
 0001:0000a670       _glfwPlatformGetWindowSize 000000014000b670 f   glfw3:win32_window.c.obj
 0001:0000a6d0       _glfwPlatformPollEvents    000000014000b6d0 f   glfw3:win32_window.c.obj
 0001:0000a8d0       _glfwPlatformSetCursor     000000014000b8d0 f   glfw3:win32_window.c.obj
 0001:0000a940       _glfwPlatformSetCursorMode 000000014000b940 f   glfw3:win32_window.c.obj
 0001:0000aa70       _glfwPlatformSetWindowMonitor 000000014000ba70 f   glfw3:win32_window.c.obj
 0001:0000ad70       _glfwPlatformShowWindow    000000014000bd70 f   glfw3:win32_window.c.obj
 0001:0000ad90       _glfwRegisterWindowClassWin32 000000014000bd90 f   glfw3:win32_window.c.obj
 0001:0000ae90       _glfwUnregisterWindowClassWin32 000000014000be90 f   glfw3:win32_window.c.obj
 0001:0000c250       _glfwInitThreadLocalStorageWin32 000000014000d250 f   glfw3:win32_tls.c.obj
 0001:0000c2a0       _glfwPlatformGetCurrentContext 000000014000d2a0 f   glfw3:win32_tls.c.obj
 0001:0000c2b0       _glfwPlatformSetCurrentContext 000000014000d2b0 f   glfw3:win32_tls.c.obj
 0001:0000c2c0       _glfwTerminateThreadLocalStorageWin32 000000014000d2c0 f   glfw3:win32_tls.c.obj
 0001:0000c2e0       _glfwDetectJoystickConnectionWin32 000000014000d2e0 f   glfw3:win32_joystick.c.obj
 0001:0000c350       _glfwDetectJoystickDisconnectionWin32 000000014000d350 f   glfw3:win32_joystick.c.obj
 0001:0000c440       _glfwInitJoysticksWin32    000000014000d440 f   glfw3:win32_joystick.c.obj
 0001:0000c4a0       _glfwTerminateJoysticksWin32 000000014000d4a0 f   glfw3:win32_joystick.c.obj
 0001:0000cf30       _glfwCreateContextWGL      000000014000df30 f   glfw3:wgl_context.c.obj
 0001:0000d360       _glfwInitWGL               000000014000e360 f   glfw3:wgl_context.c.obj
 0001:0000d450       _glfwTerminateWGL          000000014000e450 f   glfw3:wgl_context.c.obj
 0001:0000ddf0       _glfwCreateContextEGL      000000014000edf0 f   glfw3:egl_context.c.obj
 0001:0000e280       _glfwInitEGL               000000014000f280 f   glfw3:egl_context.c.obj
 0001:0000e750       _glfwTerminateEGL          000000014000f750 f   glfw3:egl_context.c.obj
 0001:00014a50       ovr_CommitTextureSwapChain 0000000140015a50 f   LibOVR:OVR_CAPIShim.obj
 0001:00014a70       ovr_Create                 0000000140015a70 f   LibOVR:OVR_CAPIShim.obj
 0001:00014a90       ovr_CreateTextureSwapChainGL 0000000140015a90 f   LibOVR:OVR_CAPIShim.obj
 0001:00014ab0       ovr_GetFovTextureSize      0000000140015ab0 f   LibOVR:OVR_CAPIShim.obj
 0001:00014ae0       ovr_GetHmdDesc             0000000140015ae0 f   LibOVR:OVR_CAPIShim.obj
 0001:00014c10       ovr_GetTextureSwapChainBufferGL 0000000140015c10 f   LibOVR:OVR_CAPIShim.obj
 0001:00014c30       ovr_GetTextureSwapChainLength 0000000140015c30 f   LibOVR:OVR_CAPIShim.obj
 0001:00014c50       ovr_Initialize             0000000140015c50 f   LibOVR:OVR_CAPIShim.obj
 0001:00014e10       ovr_Shutdown               0000000140015e10 f   LibOVR:OVR_CAPIShim.obj
 0001:00014e60       swprintf                   0000000140015e60 f i LibOVR:OVR_CAPIShim.obj
 0001:00014eb7       ?uncaught_exception@std@@YA_NXZ 0000000140015eb7 f   msvcprt:MSVCP140.dll
 0001:00014ebd       IsProcessorFeaturePresent  0000000140015ebd f   kernel32:KERNEL32.dll
 0001:00014ec3       strlen                     0000000140015ec3 f   ucrt:api-ms-win-crt-string-l1-1-0.dll
 0001:00014ec9       _seh_filter_exe            0000000140015ec9 f   ucrt:api-ms-win-crt-runtime-l1-1-0.dll
 0001:00014ecf       _set_app_type              0000000140015ecf f   ucrt:api-ms-win-crt-runtime-l1-1-0.dll
 0001:00014ed5       __setusermatherr           0000000140015ed5 f   ucrt:api-ms-win-crt-math-l1-1-0.dll
 0001:00014edb       _configure_narrow_argv     0000000140015edb f   ucrt:api-ms-win-crt-runtime-l1-1-0.dll
 0001:00014ee1       _initialize_narrow_environment 0000000140015ee1 f   ucrt:api-ms-win-crt-runtime-l1-1-0.dll
 0001:00014ee7       _get_initial_narrow_environment 0000000140015ee7 f   ucrt:api-ms-win-crt-runtime-l1-1-0.dll
 0001:00014eed       _initterm                  0000000140015eed f   ucrt:api-ms-win-crt-runtime-l1-1-0.dll
 0001:00014ef3       _initterm_e                0000000140015ef3 f   ucrt:api-ms-win-crt-runtime-l1-1-0.dll
 0001:00014ef9       exit                       0000000140015ef9 f   ucrt:api-ms-win-crt-runtime-l1-1-0.dll
 0001:00014eff       _exit                      0000000140015eff f   ucrt:api-ms-win-crt-runtime-l1-1-0.dll
 0001:00014f05       _set_fmode                 0000000140015f05 f   ucrt:api-ms-win-crt-stdio-l1-1-0.dll
 0001:00014f0b       __p___argc                 0000000140015f0b f   ucrt:api-ms-win-crt-runtime-l1-1-0.dll
 0001:00014f11       __p___argv                 0000000140015f11 f   ucrt:api-ms-win-crt-runtime-l1-1-0.dll
 0001:00014f17       _cexit                     0000000140015f17 f   ucrt:api-ms-win-crt-runtime-l1-1-0.dll
 0001:00014f1d       _c_exit                    0000000140015f1d f   ucrt:api-ms-win-crt-runtime-l1-1-0.dll
 0001:00014f23       _register_thread_local_exe_atexit_callback 0000000140015f23 f   ucrt:api-ms-win-crt-runtime-l1-1-0.dll
 0001:00014f29       _configthreadlocale        0000000140015f29 f   ucrt:api-ms-win-crt-locale-l1-1-0.dll
 0001:00014f2f       _set_new_mode              0000000140015f2f f   ucrt:api-ms-win-crt-heap-l1-1-0.dll
 0001:00014f35       __p__commode               0000000140015f35 f   ucrt:api-ms-win-crt-stdio-l1-1-0.dll
 0001:00014f3b       _initialize_onexit_table   0000000140015f3b f   ucrt:api-ms-win-crt-runtime-l1-1-0.dll
 0001:00014f41       _register_onexit_function  0000000140015f41 f   ucrt:api-ms-win-crt-runtime-l1-1-0.dll
 0001:00014f47       _crt_atexit                0000000140015f47 f   ucrt:api-ms-win-crt-runtime-l1-1-0.dll
 0001:00014f4d       terminate                  0000000140015f4d f   ucrt:api-ms-win-crt-runtime-l1-1-0.dll
 0001:00014f53       __stdio_common_vswprintf   0000000140015f53 f   ucrt:api-ms-win-crt-stdio-l1-1-0.dll
 0001:00014f59       getenv                     0000000140015f59 f   ucrt:api-ms-win-crt-environment-l1-1-0.dll
 0001:00014f70       _alloca_probe              0000000140015f70 f   msvcrt:chkstk.obj
 0001:00014f70       __chkstk                   0000000140015f70 f   msvcrt:chkstk.obj
 0001:00014fe0       _guard_dispatch_icall_nop  0000000140015fe0 f   msvcrt:guard_dispatch.obj
 0002:00000000       __imp_DeleteDC             0000000140017000     Gdi32:GDI32.dll
 0002:00000008       __imp_GetDeviceCaps        0000000140017008     Gdi32:GDI32.dll
 0002:00000010       __imp_SetDeviceGammaRamp   0000000140017010     Gdi32:GDI32.dll
 0002:00000018       __imp_ChoosePixelFormat    0000000140017018     Gdi32:GDI32.dll
 0002:00000020       __imp_DescribePixelFormat  0000000140017020     Gdi32:GDI32.dll
 0002:00000028       __imp_SetPixelFormat       0000000140017028     Gdi32:GDI32.dll
 0002:00000030       __imp_SwapBuffers          0000000140017030     Gdi32:GDI32.dll
 0002:00000038       __imp_CreateDCW            0000000140017038     Gdi32:GDI32.dll
 0002:00000040       \177GDI32_NULL_THUNK_DATA  0000000140017040     Gdi32:GDI32.dll
 0002:00000048       __imp_MultiByteToWideChar  0000000140017048     kernel32:KERNEL32.dll
 0002:00000050       __imp_CloseHandle          0000000140017050     kernel32:KERNEL32.dll
 0002:00000058       __imp_GetFullPathNameW     0000000140017058     kernel32:KERNEL32.dll
 0002:00000060       __imp_CreateFileW          0000000140017060     kernel32:KERNEL32.dll
 0002:00000068       __imp_SearchPathW          0000000140017068     kernel32:KERNEL32.dll
 0002:00000070       __imp_GetLastError         0000000140017070     kernel32:KERNEL32.dll
 0002:00000078       __imp_TlsFree              0000000140017078     kernel32:KERNEL32.dll
 0002:00000080       __imp_TlsSetValue          0000000140017080     kernel32:KERNEL32.dll
 0002:00000088       __imp_TlsGetValue          0000000140017088     kernel32:KERNEL32.dll
 0002:00000090       __imp_TlsAlloc             0000000140017090     kernel32:KERNEL32.dll
 0002:00000098       __imp_FreeLibrary          0000000140017098     kernel32:KERNEL32.dll
 0002:000000a0       __imp_GetProcAddress       00000001400170a0     kernel32:KERNEL32.dll
 0002:000000a8       __imp_LoadLibraryW         00000001400170a8     kernel32:KERNEL32.dll
 0002:000000b0       __imp_RtlCaptureContext    00000001400170b0     kernel32:KERNEL32.dll
 0002:000000b8       __imp_RtlLookupFunctionEntry 00000001400170b8     kernel32:KERNEL32.dll
 0002:000000c0       __imp_RtlVirtualUnwind     00000001400170c0     kernel32:KERNEL32.dll
 0002:000000c8       __imp_UnhandledExceptionFilter 00000001400170c8     kernel32:KERNEL32.dll
 0002:000000d0       __imp_SetUnhandledExceptionFilter 00000001400170d0     kernel32:KERNEL32.dll
 0002:000000d8       __imp_GetCurrentProcess    00000001400170d8     kernel32:KERNEL32.dll
 0002:000000e0       __imp_TerminateProcess     00000001400170e0     kernel32:KERNEL32.dll
 0002:000000e8       __imp_IsProcessorFeaturePresent 00000001400170e8     kernel32:KERNEL32.dll
 0002:000000f0       __imp_QueryPerformanceCounter 00000001400170f0     kernel32:KERNEL32.dll
 0002:000000f8       __imp_GetCurrentProcessId  00000001400170f8     kernel32:KERNEL32.dll
 0002:00000100       __imp_GetCurrentThreadId   0000000140017100     kernel32:KERNEL32.dll
 0002:00000108       __imp_InitializeSListHead  0000000140017108     kernel32:KERNEL32.dll
 0002:00000110       __imp_IsDebuggerPresent    0000000140017110     kernel32:KERNEL32.dll
 0002:00000118       __imp_GetModuleHandleW     0000000140017118     kernel32:KERNEL32.dll
 0002:00000120       __imp_LoadLibraryA         0000000140017120     kernel32:KERNEL32.dll
 0002:00000128       __imp_GetSystemTimeAsFileTime 0000000140017128     kernel32:KERNEL32.dll
 0002:00000130       __imp_WideCharToMultiByte  0000000140017130     kernel32:KERNEL32.dll
 0002:00000138       __imp_QueryPerformanceFrequency 0000000140017138     kernel32:KERNEL32.dll
 0002:00000140       \177KERNEL32_NULL_THUNK_DATA 0000000140017140     kernel32:KERNEL32.dll
 0002:00000148       __imp_?uncaught_exception@std@@YA_NXZ 0000000140017148     msvcprt:MSVCP140.dll
 0002:00000150       __imp_?cout@std@@3V?$basic_ostream@DU?$char_traits@D@std@@@1@A 0000000140017150     msvcprt:MSVCP140.dll
 0002:00000158       __imp_?flush@?$basic_ostream@DU?$char_traits@D@std@@@std@@QEAAAEAV12@XZ 0000000140017158     msvcprt:MSVCP140.dll
 0002:00000160       __imp_?put@?$basic_ostream@DU?$char_traits@D@std@@@std@@QEAAAEAV12@D@Z 0000000140017160     msvcprt:MSVCP140.dll
 0002:00000168       __imp_??6?$basic_ostream@DU?$char_traits@D@std@@@std@@QEAAAEAV01@H@Z 0000000140017168     msvcprt:MSVCP140.dll
 0002:00000170       __imp_??6?$basic_ostream@DU?$char_traits@D@std@@@std@@QEAAAEAV01@P6AAEAV01@AEAV01@@Z@Z 0000000140017170     msvcprt:MSVCP140.dll
 0002:00000178       __imp_?_Osfx@?$basic_ostream@DU?$char_traits@D@std@@@std@@QEAAXXZ 0000000140017178     msvcprt:MSVCP140.dll
 0002:00000180       __imp_?widen@?$basic_ios@DU?$char_traits@D@std@@@std@@QEBADD@Z 0000000140017180     msvcprt:MSVCP140.dll
 0002:00000188       __imp_?fill@?$basic_ios@DU?$char_traits@D@std@@@std@@QEBADXZ 0000000140017188     msvcprt:MSVCP140.dll
 0002:00000190       __imp_?rdbuf@?$basic_ios@DU?$char_traits@D@std@@@std@@QEBAPEAV?$basic_streambuf@DU?$char_traits@D@std@@@2@XZ 0000000140017190     msvcprt:MSVCP140.dll
 0002:00000198       __imp_?tie@?$basic_ios@DU?$char_traits@D@std@@@std@@QEBAPEAV?$basic_ostream@DU?$char_traits@D@std@@@2@XZ 0000000140017198     msvcprt:MSVCP140.dll
 0002:000001a0       __imp_?sputc@?$basic_streambuf@DU?$char_traits@D@std@@@std@@QEAAHD@Z 00000001400171a0     msvcprt:MSVCP140.dll
 0002:000001a8       __imp_?good@ios_base@std@@QEBA_NXZ 00000001400171a8     msvcprt:MSVCP140.dll
 0002:000001b0       __imp_?flags@ios_base@std@@QEBAHXZ 00000001400171b0     msvcprt:MSVCP140.dll
 0002:000001b8       __imp_?sputn@?$basic_streambuf@DU?$char_traits@D@std@@@std@@QEAA_JPEBD_J@Z 00000001400171b8     msvcprt:MSVCP140.dll
 0002:000001c0       __imp_?width@ios_base@std@@QEBA_JXZ 00000001400171c0     msvcprt:MSVCP140.dll
 0002:000001c8       __imp_?setstate@?$basic_ios@DU?$char_traits@D@std@@@std@@QEAAXH_N@Z 00000001400171c8     msvcprt:MSVCP140.dll
 0002:000001d0       __imp_?width@ios_base@std@@QEAA_J_J@Z 00000001400171d0     msvcprt:MSVCP140.dll
 0002:000001d8       \177MSVCP140_NULL_THUNK_DATA 00000001400171d8     msvcprt:MSVCP140.dll
 0002:000001e0       __imp_DragAcceptFiles      00000001400171e0     shell32:SHELL32.dll
 0002:000001e8       __imp_DragFinish           00000001400171e8     shell32:SHELL32.dll
 0002:000001f0       __imp_DragQueryFileW       00000001400171f0     shell32:SHELL32.dll
 0002:000001f8       __imp_DragQueryPoint       00000001400171f8     shell32:SHELL32.dll
 0002:00000200       \177SHELL32_NULL_THUNK_DATA 0000000140017200     shell32:SHELL32.dll
 0002:00000208       __imp_SetCapture           0000000140017208     user32:USER32.dll
 0002:00000210       __imp_ReleaseCapture       0000000140017210     user32:USER32.dll
 0002:00000218       __imp_GetAsyncKeyState     0000000140017218     user32:USER32.dll
 0002:00000220       __imp_GetKeyState          0000000140017220     user32:USER32.dll
 0002:00000228       __imp_GetRawInputDeviceList 0000000140017228     user32:USER32.dll
 0002:00000230       __imp_GetRawInputDeviceInfoA 0000000140017230     user32:USER32.dll
 0002:00000238       __imp_LoadImageW           0000000140017238     user32:USER32.dll
 0002:00000240       __imp_DestroyIcon          0000000140017240     user32:USER32.dll
 0002:00000248       __imp_LoadCursorW          0000000140017248     user32:USER32.dll
 0002:00000250       __imp_SetWindowLongW       0000000140017250     user32:USER32.dll
 0002:00000258       __imp_GetWindowLongW       0000000140017258     user32:USER32.dll
 0002:00000260       __imp_PtInRect             0000000140017260     user32:USER32.dll
 0002:00000268       __imp_WindowFromPoint      0000000140017268     user32:USER32.dll
 0002:00000270       __imp_ScreenToClient       0000000140017270     user32:USER32.dll
 0002:00000278       __imp_ClientToScreen       0000000140017278     user32:USER32.dll
 0002:00000280       __imp_ClipCursor           0000000140017280     user32:USER32.dll
 0002:00000288       __imp_GetCursorPos         0000000140017288     user32:USER32.dll
 0002:00000290       __imp_SetCursor            0000000140017290     user32:USER32.dll
 0002:00000298       __imp_SetCursorPos         0000000140017298     user32:USER32.dll
 0002:000002a0       __imp_AdjustWindowRectEx   00000001400172a0     user32:USER32.dll
 0002:000002a8       __imp_GetActiveWindow      00000001400172a8     user32:USER32.dll
 0002:000002b0       __imp_GetClientRect        00000001400172b0     user32:USER32.dll
 0002:000002b8       __imp_RemovePropW          00000001400172b8     user32:USER32.dll
 0002:000002c0       __imp_GetPropW             00000001400172c0     user32:USER32.dll
 0002:000002c8       __imp_SetPropW             00000001400172c8     user32:USER32.dll
 0002:000002d0       __imp_GetDC                00000001400172d0     user32:USER32.dll
 0002:000002d8       __imp_SetForegroundWindow  00000001400172d8     user32:USER32.dll
 0002:000002e0       __imp_RegisterDeviceNotificationW 00000001400172e0     user32:USER32.dll
 0002:000002e8       __imp_CreateWindowExW      00000001400172e8     user32:USER32.dll
 0002:000002f0       __imp_DestroyWindow        00000001400172f0     user32:USER32.dll
 0002:000002f8       __imp_ShowWindow           00000001400172f8     user32:USER32.dll
 0002:00000300       __imp_SystemParametersInfoW 0000000140017300     user32:USER32.dll
 0002:00000308       __imp_ChangeDisplaySettingsExW 0000000140017308     user32:USER32.dll
 0002:00000310       __imp_EnumDisplaySettingsW 0000000140017310     user32:USER32.dll
 0002:00000318       __imp_EnumDisplaySettingsExW 0000000140017318     user32:USER32.dll
 0002:00000320       __imp_EnumDisplayDevicesW  0000000140017320     user32:USER32.dll
 0002:00000328       __imp_TrackMouseEvent      0000000140017328     user32:USER32.dll
 0002:00000330       __imp_TranslateMessage     0000000140017330     user32:USER32.dll
 0002:00000338       __imp_DispatchMessageW     0000000140017338     user32:USER32.dll
 0002:00000340       __imp_PeekMessageW         0000000140017340     user32:USER32.dll
 0002:00000348       __imp_GetMessageTime       0000000140017348     user32:USER32.dll
 0002:00000350       __imp_DefWindowProcW       0000000140017350     user32:USER32.dll
 0002:00000358       __imp_UnregisterClassW     0000000140017358     user32:USER32.dll
 0002:00000360       __imp_RegisterClassExW     0000000140017360     user32:USER32.dll
 0002:00000368       __imp_SetWindowPos         0000000140017368     user32:USER32.dll
 0002:00000370       __imp_BringWindowToTop     0000000140017370     user32:USER32.dll
 0002:00000378       __imp_SetFocus             0000000140017378     user32:USER32.dll
 0002:00000380       \177USER32_NULL_THUNK_DATA 0000000140017380     user32:USER32.dll
 0002:00000388       __imp_memset               0000000140017388     vcruntime:VCRUNTIME140.dll
 0002:00000390       __imp___C_specific_handler 0000000140017390     vcruntime:VCRUNTIME140.dll
 0002:00000398       __imp_memcpy               0000000140017398     vcruntime:VCRUNTIME140.dll
 0002:000003a0       __imp___CxxFrameHandler3   00000001400173a0     vcruntime:VCRUNTIME140.dll
 0002:000003a8       __imp_strstr               00000001400173a8     vcruntime:VCRUNTIME140.dll
 0002:000003b0       \177VCRUNTIME140_NULL_THUNK_DATA 00000001400173b0     vcruntime:VCRUNTIME140.dll
 0002:000003b8       __imp_getenv               00000001400173b8     ucrt:api-ms-win-crt-environment-l1-1-0.dll
 0002:000003c0       \177api-ms-win-crt-environment-l1-1-0_NULL_THUNK_DATA 00000001400173c0     ucrt:api-ms-win-crt-environment-l1-1-0.dll
 0002:000003c8       __imp__set_new_mode        00000001400173c8     ucrt:api-ms-win-crt-heap-l1-1-0.dll
 0002:000003d0       __imp_calloc               00000001400173d0     ucrt:api-ms-win-crt-heap-l1-1-0.dll
 0002:000003d8       __imp_realloc              00000001400173d8     ucrt:api-ms-win-crt-heap-l1-1-0.dll
 0002:000003e0       __imp_malloc               00000001400173e0     ucrt:api-ms-win-crt-heap-l1-1-0.dll
 0002:000003e8       __imp_free                 00000001400173e8     ucrt:api-ms-win-crt-heap-l1-1-0.dll
 0002:000003f0       \177api-ms-win-crt-heap-l1-1-0_NULL_THUNK_DATA 00000001400173f0     ucrt:api-ms-win-crt-heap-l1-1-0.dll
 0002:000003f8       __imp__configthreadlocale  00000001400173f8     ucrt:api-ms-win-crt-locale-l1-1-0.dll
 0002:00000400       \177api-ms-win-crt-locale-l1-1-0_NULL_THUNK_DATA 0000000140017400     ucrt:api-ms-win-crt-locale-l1-1-0.dll
 0002:00000408       __imp___setusermatherr     0000000140017408     ucrt:api-ms-win-crt-math-l1-1-0.dll
 0002:00000410       \177api-ms-win-crt-math-l1-1-0_NULL_THUNK_DATA 0000000140017410     ucrt:api-ms-win-crt-math-l1-1-0.dll
 0002:00000418       __imp__configure_narrow_argv 0000000140017418     ucrt:api-ms-win-crt-runtime-l1-1-0.dll
 0002:00000420       __imp__seh_filter_exe      0000000140017420     ucrt:api-ms-win-crt-runtime-l1-1-0.dll
 0002:00000428       __imp__set_app_type        0000000140017428     ucrt:api-ms-win-crt-runtime-l1-1-0.dll
 0002:00000430       __imp__crt_atexit          0000000140017430     ucrt:api-ms-win-crt-runtime-l1-1-0.dll
 0002:00000438       __imp__register_onexit_function 0000000140017438     ucrt:api-ms-win-crt-runtime-l1-1-0.dll
 0002:00000440       __imp__initialize_onexit_table 0000000140017440     ucrt:api-ms-win-crt-runtime-l1-1-0.dll
 0002:00000448       __imp__initialize_narrow_environment 0000000140017448     ucrt:api-ms-win-crt-runtime-l1-1-0.dll
 0002:00000450       __imp__get_initial_narrow_environment 0000000140017450     ucrt:api-ms-win-crt-runtime-l1-1-0.dll
 0002:00000458       __imp_terminate            0000000140017458     ucrt:api-ms-win-crt-runtime-l1-1-0.dll
 0002:00000460       __imp__register_thread_local_exe_atexit_callback 0000000140017460     ucrt:api-ms-win-crt-runtime-l1-1-0.dll
 0002:00000468       __imp__c_exit              0000000140017468     ucrt:api-ms-win-crt-runtime-l1-1-0.dll
 0002:00000470       __imp__cexit               0000000140017470     ucrt:api-ms-win-crt-runtime-l1-1-0.dll
 0002:00000478       __imp___p___argv           0000000140017478     ucrt:api-ms-win-crt-runtime-l1-1-0.dll
 0002:00000480       __imp___p___argc           0000000140017480     ucrt:api-ms-win-crt-runtime-l1-1-0.dll
 0002:00000488       __imp__initterm            0000000140017488     ucrt:api-ms-win-crt-runtime-l1-1-0.dll
 0002:00000490       __imp__exit                0000000140017490     ucrt:api-ms-win-crt-runtime-l1-1-0.dll
 0002:00000498       __imp_exit                 0000000140017498     ucrt:api-ms-win-crt-runtime-l1-1-0.dll
 0002:000004a0       __imp__initterm_e          00000001400174a0     ucrt:api-ms-win-crt-runtime-l1-1-0.dll
 0002:000004a8       \177api-ms-win-crt-runtime-l1-1-0_NULL_THUNK_DATA 00000001400174a8     ucrt:api-ms-win-crt-runtime-l1-1-0.dll
 0002:000004b0       __imp__set_fmode           00000001400174b0     ucrt:api-ms-win-crt-stdio-l1-1-0.dll
 0002:000004b8       __imp___p__commode         00000001400174b8     ucrt:api-ms-win-crt-stdio-l1-1-0.dll
 0002:000004c0       __imp___stdio_common_vsprintf 00000001400174c0     ucrt:api-ms-win-crt-stdio-l1-1-0.dll
 0002:000004c8       __imp___stdio_common_vswprintf 00000001400174c8     ucrt:api-ms-win-crt-stdio-l1-1-0.dll
 0002:000004d0       __imp___stdio_common_vsscanf 00000001400174d0     ucrt:api-ms-win-crt-stdio-l1-1-0.dll
 0002:000004d8       \177api-ms-win-crt-stdio-l1-1-0_NULL_THUNK_DATA 00000001400174d8     ucrt:api-ms-win-crt-stdio-l1-1-0.dll
 0002:000004e0       __imp_strncmp              00000001400174e0     ucrt:api-ms-win-crt-string-l1-1-0.dll
 0002:000004e8       __imp__strdup              00000001400174e8     ucrt:api-ms-win-crt-string-l1-1-0.dll
 0002:000004f0       __imp_strlen               00000001400174f0     ucrt:api-ms-win-crt-string-l1-1-0.dll
 0002:000004f8       \177api-ms-win-crt-string-l1-1-0_NULL_THUNK_DATA 00000001400174f8     ucrt:api-ms-win-crt-string-l1-1-0.dll
 0002:00000500       __imp_qsort                0000000140017500     ucrt:api-ms-win-crt-utility-l1-1-0.dll
 0002:00000508       \177api-ms-win-crt-utility-l1-1-0_NULL_THUNK_DATA 0000000140017508     ucrt:api-ms-win-crt-utility-l1-1-0.dll
 0002:00000510       __guard_check_icall_fptr   0000000140017510     msvcrt:guard_support.obj
 0002:00000518       __guard_dispatch_icall_fptr 0000000140017518     msvcrt:guard_support.obj
 0002:00000520       __xc_a                     0000000140017520     msvcrt:initializers.obj
 0002:00000530       __xc_z                     0000000140017530     msvcrt:initializers.obj
 0002:00000538       __xi_a                     0000000140017538     msvcrt:initializers.obj
 0002:00000550       __xi_z                     0000000140017550     msvcrt:initializers.obj
 0002:00000558       __xp_a                     0000000140017558     msvcrt:initializers.obj
 0002:00000560       __xp_z                     0000000140017560     msvcrt:initializers.obj
 0002:00000568       __xt_a                     0000000140017568     msvcrt:initializers.obj
 0002:00000570       __xt_z                     0000000140017570     msvcrt:initializers.obj
 0002:00000680       __real@3f800000            0000000140017680     main.obj
 0002:00000698       ??_C@_0CE@BEELAIPG@The?5GLFW?5library?5is?5not?5initiali@ 0000000140017698     glfw3:init.c.obj
 0002:000006c0       ??_C@_0BM@PKHPFLOM@There?5is?5no?5current?5context?$AA@ 00000001400176c0     glfw3:init.c.obj
 0002:000006e0       ??_C@_0CE@KDBKFLEE@Invalid?5argument?5for?5enum?5parame@ 00000001400176e0     glfw3:init.c.obj
 0002:00000708       ??_C@_0BM@BADCNPOM@Invalid?5value?5for?5parameter?$AA@ 0000000140017708     glfw3:init.c.obj
 0002:00000728       ??_C@_0O@NALGGDJF@Out?5of?5memory?$AA@ 0000000140017728     glfw3:init.c.obj
 0002:00000738       ??_C@_0CB@HAFFDHLH@The?5requested?5API?5is?5unavailable@ 0000000140017738     glfw3:init.c.obj
 0002:00000760       ??_C@_0CJ@KOFEFGNB@The?5requested?5API?5version?5is?5una@ 0000000140017760     glfw3:init.c.obj
 0002:00000790       ??_C@_0CD@HJEBEGLD@A?5platform?9specific?5error?5occurr@ 0000000140017790     glfw3:init.c.obj
 0002:000007b8       ??_C@_0CE@PCLEMLLO@The?5requested?5format?5is?5unavaila@ 00000001400177b8     glfw3:init.c.obj
 0002:000007e0       ??_C@_0CE@OJFJMLEI@The?5specified?5window?5has?5no?5cont@ 00000001400177e0     glfw3:init.c.obj
 0002:00000808       ??_C@_0BK@PMMAHJAK@ERROR?3?5UNKNOWN?5GLFW?5ERROR?$AA@ 0000000140017808     glfw3:init.c.obj
 0002:00000828       ??_C@_0BK@KJGCMOHN@Invalid?5window?5size?5?$CFix?$CFi?$AA@ 0000000140017828     glfw3:window.c.obj
 0002:00000850       __xmm@00000000000000010003600100030001 0000000140017850     glfw3:window.c.obj
 0002:00000860       __xmm@00000001000000010000000100000001 0000000140017860     glfw3:window.c.obj
 0002:00000870       ??_C@_0CA@EGNPLLAH@Invalid?5context?5creation?5API?5?$CFi?$AA@ 0000000140017870     glfw3:context.c.obj
 0002:00000890       ??_C@_0BG@CEONMDO@Invalid?5client?5API?5?$CFi?$AA@ 0000000140017890     glfw3:context.c.obj
 0002:000008a8       ??_C@_0BN@DHKEBMCG@Invalid?5OpenGL?5version?5?$CFi?4?$CFi?$AA@ 00000001400178a8     glfw3:context.c.obj
 0002:000008c8       ??_C@_0BK@IEJBEGLB@Invalid?5OpenGL?5profile?5?$CFi?$AA@ 00000001400178c8     glfw3:context.c.obj
 0002:000008f0       ??_C@_0ED@FEABOOIM@Context?5profiles?5are?5only?5define@ 00000001400178f0     glfw3:context.c.obj
 0002:00000940       ??_C@_0EH@CMDCLIEA@Forward?9compatibility?5is?5only?5de@ 0000000140017940     glfw3:context.c.obj
 0002:00000988       ??_C@_0CA@LFIDGAHJ@Invalid?5OpenGL?5ES?5version?5?$CFi?4?$CFi?$AA@ 0000000140017988     glfw3:context.c.obj
 0002:000009a8       ??_C@_0CD@GAIKDKHK@Invalid?5context?5robustness?5mode?5@ 00000001400179a8     glfw3:context.c.obj
 0002:000009d0       ??_C@_0CE@HHGIDEAE@Invalid?5context?5release?5behavior@ 00000001400179d0     glfw3:context.c.obj
 0002:000009f8       ??_C@_0O@ENGHJHNB@OpenGL?5ES?9CM?5?$AA@ 00000001400179f8     glfw3:context.c.obj
 0002:00000a08       ??_C@_0O@EMKFPNOG@OpenGL?5ES?9CL?5?$AA@ 0000000140017a08     glfw3:context.c.obj
 0002:00000a18       ??_C@_0L@JLFHOCGA@OpenGL?5ES?5?$AA@ 0000000140017a18     glfw3:context.c.obj
 0002:00000a28       ??_C@_0O@DHHDCCLF@glGetIntegerv?$AA@ 0000000140017a28     glfw3:context.c.obj
 0002:00000a38       ??_C@_0M@OPOBFDCB@glGetString?$AA@ 0000000140017a38     glfw3:context.c.obj
 0002:00000a48       ??_C@_0CA@LDAANPIM@Entry?5point?5retrieval?5is?5broken?$AA@ 0000000140017a48     glfw3:context.c.obj
 0002:00000a68       ??_C@_0CK@DKAFEDIC@OpenGL?5version?5string?5retrieval?5@ 0000000140017a68     glfw3:context.c.obj
 0002:00000a98       ??_C@_0CN@GOPDCGGI@OpenGL?5ES?5version?5string?5retriev@ 0000000140017a98     glfw3:context.c.obj
 0002:00000ac8       ??_C@_08FOJKHHJA@?$CFd?4?$CFd?4?$CFd?$AA@ 0000000140017ac8     glfw3:context.c.obj
 0002:00000ad8       ??_C@_0CK@DDNMEIKD@No?5version?5found?5in?5OpenGL?5versi@ 0000000140017ad8     glfw3:context.c.obj
 0002:00000b08       ??_C@_0CN@FALFGDO@No?5version?5found?5in?5OpenGL?5ES?5ve@ 0000000140017b08     glfw3:context.c.obj
 0002:00000b38       ??_C@_0DC@KIAJNHJN@Requested?5OpenGL?5version?5?$CFi?4?$CFi?0?5@ 0000000140017b38     glfw3:context.c.obj
 0002:00000b70       ??_C@_0DF@EFFMOKHE@Requested?5OpenGL?5ES?5version?5?$CFi?4?$CF@ 0000000140017b70     glfw3:context.c.obj
 0002:00000ba8       ??_C@_0N@PILJCBOD@glGetStringi?$AA@ 0000000140017ba8     glfw3:context.c.obj
 0002:00000bb8       ??_C@_0BE@OHIPHHMJ@GL_ARB_debug_output?$AA@ 0000000140017bb8     glfw3:context.c.obj
 0002:00000bd0       ??_C@_0BF@CJMIIMBG@GL_ARB_compatibility?$AA@ 0000000140017bd0     glfw3:context.c.obj
 0002:00000be8       ??_C@_0BC@EOBKJDCM@GL_ARB_robustness?$AA@ 0000000140017be8     glfw3:context.c.obj
 0002:00000c00       ??_C@_0BC@CLDFFND@GL_EXT_robustness?$AA@ 0000000140017c00     glfw3:context.c.obj
 0002:00000c18       ??_C@_0BN@FNDGKECA@GL_KHR_context_flush_control?$AA@ 0000000140017c18     glfw3:context.c.obj
 0002:00000c38       ??_C@_07IBAPPAHJ@glClear?$AA@ 0000000140017c38     glfw3:context.c.obj
 0002:00000c40       ??_C@_0BP@MMGGFAGN@Extension?5name?5is?5empty?5string?$AA@ 0000000140017c40     glfw3:context.c.obj
 0002:00000c60       ??_C@_0CF@KMMHNOMI@Extension?5string?5retrieval?5is?5br@ 0000000140017c60     glfw3:context.c.obj
 0002:00000c88       GUID_DEVINTERFACE_HID      0000000140017c88     glfw3:win32_init.c.obj
 0002:00000c98       ??_C@_09CBHKFKGB@winmm?4dll?$AA@ 0000000140017c98     glfw3:win32_init.c.obj
 0002:00000ca8       ??_C@_0CA@EDJENDDE@Win32?3?5Failed?5to?5load?5winmm?4dll?$AA@ 0000000140017ca8     glfw3:win32_init.c.obj
 0002:00000cc8       ??_C@_0M@DEPJBPP@timeGetTime?$AA@ 0000000140017cc8     glfw3:win32_init.c.obj
 0002:00000cd8       ??_C@_0L@GMPLCCII@user32?4dll?$AA@ 0000000140017cd8     glfw3:win32_init.c.obj
 0002:00000ce8       ??_C@_0CB@HHJIGJHK@Win32?3?5Failed?5to?5load?5user32?4dll@ 0000000140017ce8     glfw3:win32_init.c.obj
 0002:00000d10       ??_C@_0BD@ENICNPLM@SetProcessDPIAware?$AA@ 0000000140017d10     glfw3:win32_init.c.obj
 0002:00000d28       ??_C@_0BM@OCGPLDNC@ChangeWindowMessageFilterEx?$AA@ 0000000140017d28     glfw3:win32_init.c.obj
 0002:00000d48       ??_C@_0M@ONOEDIJO@dinput8?4dll?$AA@ 0000000140017d48     glfw3:win32_init.c.obj
 0002:00000d58       ??_C@_0BD@IJCCAMHG@DirectInput8Create?$AA@ 0000000140017d58     glfw3:win32_init.c.obj
 0002:00000d70       ??_C@_0O@LNFLKCMF@xinput1_4?4dll?$AA@ 0000000140017d70     glfw3:win32_init.c.obj
 0002:00000d80       ??_C@_0O@KAFOJCHN@xinput1_3?4dll?$AA@ 0000000140017d80     glfw3:win32_init.c.obj
 0002:00000d90       ??_C@_0BA@GHGALGFD@xinput9_1_0?4dll?$AA@ 0000000140017d90     glfw3:win32_init.c.obj
 0002:00000da0       ??_C@_0O@GLACEBNI@xinput1_2?4dll?$AA@ 0000000140017da0     glfw3:win32_init.c.obj
 0002:00000db0       ??_C@_0O@ONJGDDHG@xinput1_1?4dll?$AA@ 0000000140017db0     glfw3:win32_init.c.obj
 0002:00000dc0       ??_C@_0BG@ELBNFOBA@XInputGetCapabilities?$AA@ 0000000140017dc0     glfw3:win32_init.c.obj
 0002:00000dd8       ??_C@_0P@FCCEJHCC@XInputGetState?$AA@ 0000000140017dd8     glfw3:win32_init.c.obj
 0002:00000de8       ??_C@_0L@FACOJKPJ@dwmapi?4dll?$AA@ 0000000140017de8     glfw3:win32_init.c.obj
 0002:00000df8       ??_C@_0BI@KJPLJBHH@DwmIsCompositionEnabled?$AA@ 0000000140017df8     glfw3:win32_init.c.obj
 0002:00000e10       ??_C@_08PEMNBIMD@DwmFlush?$AA@ 0000000140017e10     glfw3:win32_init.c.obj
 0002:00000e20       ??_C@_0L@DMFDIJCG@shcore?4dll?$AA@ 0000000140017e20     glfw3:win32_init.c.obj
 0002:00000e30       ??_C@_0BH@DGFLCCMF@SetProcessDpiAwareness?$AA@ 0000000140017e30     glfw3:win32_init.c.obj
 0002:00000e48       ??_C@_1CG@OEOKOPIA@?$AAG?$AAL?$AAF?$AAW?$AA?5?$AAh?$AAe?$AAl?$AAp?$AAe?$AAr?$AA?5?$AAw?$AAi?$AAn?$AAd?$AAo?$AAw?$AA?$AA@ 0000000140017e48     glfw3:win32_init.c.obj
 0002:00000e70       ??_C@_1O@IBNLCBOC@?$AAG?$AAL?$AAF?$AAW?$AA3?$AA0?$AA?$AA@ 0000000140017e70     glfw3:win32_init.c.obj
 0002:00000e80       ??_C@_0CG@LDJIJKNI@Win32?3?5Failed?5to?5create?5helper?5w@ 0000000140017e80     glfw3:win32_init.c.obj
 0002:00000eb0       __xmm@00380037003600350034003300320031 0000000140017eb0     glfw3:win32_init.c.obj
 0002:00000ec0       __xmm@01290128012701260125012401230122 0000000140017ec0     glfw3:win32_init.c.obj
 0002:00000ed0       __xmm@013501340133013201310130012f012e 0000000140017ed0     glfw3:win32_init.c.obj
 0002:00000ee0       ??_C@_0CJ@EFIFNOJC@Win32?3?5Failed?5to?5convert?5string?5@ 0000000140017ee0     glfw3:win32_monitor.c.obj
 0002:00000f10       ??_C@_1BA@PICGEGJB@?$AAD?$AAI?$AAS?$AAP?$AAL?$AAA?$AAY?$AA?$AA@ 0000000140017f10     glfw3:win32_monitor.c.obj
 0002:00000f20       ??_C@_0CA@CNJHNGPE@Win32?3?5Failed?5to?5set?5video?5mode?$AA@ 0000000140017f20     glfw3:win32_monitor.c.obj
 0002:00000f40       ??_C@_0CD@EGEEPFHF@Win32?3?5Gamma?5ramp?5size?5must?5be?52@ 0000000140017f40     glfw3:win32_monitor.c.obj
 0002:00000f68       __real@3fe0000000000000    0000000140017f68     glfw3:monitor.c.obj
 0002:00000f70       ??_C@_07PBILKAFL@Success?$AA@ 0000000140017f70     glfw3:vulkan.c.obj
 0002:00000f78       ??_C@_19JBPKICJI@?$AAG?$AAL?$AAF?$AAW?$AA?$AA@ 0000000140017f78     glfw3:win32_window.c.obj
 0002:00000f88       ??_C@_0DA@CDIFIIJI@Win32?3?5Failed?5to?5convert?5window?5@ 0000000140017f88     glfw3:win32_window.c.obj
 0002:00000fb8       ??_C@_0BP@BFHGHOIO@Win32?3?5Failed?5to?5create?5window?$AA@ 0000000140017fb8     glfw3:win32_window.c.obj
 0002:00000fd8       ??_C@_1BE@LDFMCOHA@?$AAG?$AAL?$AAF?$AAW?$AA_?$AAI?$AAC?$AAO?$AAN?$AA?$AA@ 0000000140017fd8     glfw3:win32_window.c.obj
 0002:00000ff0       ??_C@_0CH@GAPNPCHF@Win32?3?5Failed?5to?5register?5window@ 0000000140017ff0     glfw3:win32_window.c.obj
 0002:00001018       __real@405e000000000000    0000000140018018     glfw3:win32_window.c.obj
 0002:00001020       __xmm@80000000000000008000000000000000 0000000140018020     glfw3:win32_window.c.obj
 0002:00001030       ??_C@_0CE@MEIEKJIC@Win32?3?5Failed?5to?5allocate?5TLS?5in@ 0000000140018030     glfw3:win32_tls.c.obj
 0002:00001058       IID_IDirectInput8W         0000000140018058     glfw3:win32_joystick.c.obj
 0002:00001068       GUID_XAxis                 0000000140018068     glfw3:win32_joystick.c.obj
 0002:00001078       GUID_YAxis                 0000000140018078     glfw3:win32_joystick.c.obj
 0002:00001088       GUID_ZAxis                 0000000140018088     glfw3:win32_joystick.c.obj
 0002:00001098       GUID_RxAxis                0000000140018098     glfw3:win32_joystick.c.obj
 0002:000010a8       GUID_RyAxis                00000001400180a8     glfw3:win32_joystick.c.obj
 0002:000010b8       GUID_RzAxis                00000001400180b8     glfw3:win32_joystick.c.obj
 0002:000010c8       GUID_Slider                00000001400180c8     glfw3:win32_joystick.c.obj
 0002:000010d8       GUID_POV                   00000001400180d8     glfw3:win32_joystick.c.obj
 0002:00001108       ??_C@_0N@JENFOGFI@XInput?5Wheel?$AA@ 0000000140018108     glfw3:win32_joystick.c.obj
 0002:00001118       ??_C@_0BE@FABDLJKH@XInput?5Arcade?5Stick?$AA@ 0000000140018118     glfw3:win32_joystick.c.obj
 0002:00001130       ??_C@_0BE@HBNNGLHP@XInput?5Flight?5Stick?$AA@ 0000000140018130     glfw3:win32_joystick.c.obj
 0002:00001148       ??_C@_0BB@JDDMDGFO@XInput?5Dance?5Pad?$AA@ 0000000140018148     glfw3:win32_joystick.c.obj
 0002:00001160       ??_C@_0O@IFDGNEHH@XInput?5Guitar?$AA@ 0000000140018160     glfw3:win32_joystick.c.obj
 0002:00001170       ??_C@_0BA@LCMKGGHA@XInput?5Drum?5Kit?$AA@ 0000000140018170     glfw3:win32_joystick.c.obj
 0002:00001180       ??_C@_0BN@OIHKANJ@Wireless?5Xbox?5360?5Controller?$AA@ 0000000140018180     glfw3:win32_joystick.c.obj
 0002:000011a0       ??_C@_0BE@JNNBBIGB@Xbox?5360?5Controller?$AA@ 00000001400181a0     glfw3:win32_joystick.c.obj
 0002:000011b8       ??_C@_0BG@DGJLFNBN@Unknown?5XInput?5Device?$AA@ 00000001400181b8     glfw3:win32_joystick.c.obj
 0002:000011d0       ??_C@_03HAFBONIK@IG_?$AA@  00000001400181d0     glfw3:win32_joystick.c.obj
 0002:000011d8       ??_C@_0BM@NAGDGOBA@DI?3?5Failed?5to?5create?5device?$AA@ 00000001400181d8     glfw3:win32_joystick.c.obj
 0002:000011f8       ??_C@_0CF@KNHHCLIO@DI?3?5Failed?5to?5set?5device?5data?5fo@ 00000001400181f8     glfw3:win32_joystick.c.obj
 0002:00001220       ??_C@_0CI@BJIPONFG@DI?3?5Failed?5to?5query?5device?5capab@ 0000000140018220     glfw3:win32_joystick.c.obj
 0002:00001248       ??_C@_0CD@BFBAJDII@DI?3?5Failed?5to?5set?5device?5axis?5mo@ 0000000140018248     glfw3:win32_joystick.c.obj
 0002:00001270       ??_C@_0CH@OEOICFHI@DI?3?5Failed?5to?5enumerate?5device?5o@ 0000000140018270     glfw3:win32_joystick.c.obj
 0002:00001298       ??_C@_0BP@JPGGHMBM@DI?3?5Failed?5to?5create?5interface?$AA@ 0000000140018298     glfw3:win32_joystick.c.obj
 0002:000012b8       ??_C@_0CJ@HDJDHLNO@Failed?5to?5enumerate?5DirectInput8@ 00000001400182b8     glfw3:win32_joystick.c.obj
 0002:000012e8       ??_C@_0DC@ICHAJFGA@WGL?3?5Failed?5to?5retrieve?5pixel?5fo@ 00000001400182e8     glfw3:wgl_context.c.obj
 0002:00001320       ??_C@_0DC@HFHALHIB@WGL?3?5The?5driver?5does?5not?5appear?5@ 0000000140018320     glfw3:wgl_context.c.obj
 0002:00001358       ??_C@_0CM@DGJKGOGD@WGL?3?5Failed?5to?5find?5a?5suitable?5p@ 0000000140018358     glfw3:wgl_context.c.obj
 0002:00001388       ??_C@_0CE@FEGPCKPN@WGL?3?5Failed?5to?5make?5context?5curr@ 0000000140018388     glfw3:wgl_context.c.obj
 0002:000013b0       ??_C@_0CF@EKIADPFB@WGL?3?5Failed?5to?5clear?5current?5con@ 00000001400183b0     glfw3:wgl_context.c.obj
 0002:000013d8       ??_C@_0DC@IPDIACJO@WGL?3?5Failed?5to?5set?5pixel?5format?5@ 00000001400183d8     glfw3:wgl_context.c.obj
 0002:00001410       ??_C@_0CE@KAEELGKL@WGL?3?5Failed?5to?5create?5dummy?5cont@ 0000000140018410     glfw3:wgl_context.c.obj
 0002:00001438       ??_C@_0CK@JKJFDJLH@WGL?3?5Failed?5to?5make?5dummy?5contex@ 0000000140018438     glfw3:wgl_context.c.obj
 0002:00001468       ??_C@_0BK@HGDBIG@wglGetExtensionsStringEXT?$AA@ 0000000140018468     glfw3:wgl_context.c.obj
 0002:00001488       ??_C@_0BK@JOBLJGNA@wglGetExtensionsStringARB?$AA@ 0000000140018488     glfw3:wgl_context.c.obj
 0002:000014a8       ??_C@_0BL@PDDHMPGF@wglCreateContextAttribsARB?$AA@ 00000001400184a8     glfw3:wgl_context.c.obj
 0002:000014c8       ??_C@_0BD@IINOPBDD@wglSwapIntervalEXT?$AA@ 00000001400184c8     glfw3:wgl_context.c.obj
 0002:000014e0       ??_C@_0BN@GDKHKIAN@wglGetPixelFormatAttribivARB?$AA@ 00000001400184e0     glfw3:wgl_context.c.obj
 0002:00001500       ??_C@_0BE@BMOJHNDI@WGL_ARB_multisample?$AA@ 0000000140018500     glfw3:wgl_context.c.obj
 0002:00001518       ??_C@_0BJ@CIMJOHKL@WGL_ARB_framebuffer_sRGB?$AA@ 0000000140018518     glfw3:wgl_context.c.obj
 0002:00001538       ??_C@_0BJ@ODLLHDDH@WGL_EXT_framebuffer_sRGB?$AA@ 0000000140018538     glfw3:wgl_context.c.obj
 0002:00001558       ??_C@_0BH@NCJDMLMG@WGL_ARB_create_context?$AA@ 0000000140018558     glfw3:wgl_context.c.obj
 0002:00001570       ??_C@_0BP@JAOBDJGN@WGL_ARB_create_context_profile?$AA@ 0000000140018570     glfw3:wgl_context.c.obj
 0002:00001590       ??_C@_0CD@FOMFMBIL@WGL_EXT_create_context_es2_profi@ 0000000140018590     glfw3:wgl_context.c.obj
 0002:000015b8       ??_C@_0CC@BFGHOMNL@WGL_ARB_create_context_robustnes@ 00000001400185b8     glfw3:wgl_context.c.obj
 0002:000015e0       ??_C@_0BF@NPDKPIKE@WGL_EXT_swap_control?$AA@ 00000001400185e0     glfw3:wgl_context.c.obj
 0002:000015f8       ??_C@_0BF@OGGDOHFN@WGL_ARB_pixel_format?$AA@ 00000001400185f8     glfw3:wgl_context.c.obj
 0002:00001610       ??_C@_0BO@FABLLHKK@WGL_ARB_context_flush_control?$AA@ 0000000140018610     glfw3:wgl_context.c.obj
 0002:00001630       ??_C@_0N@DOKAJOHF@opengl32?4dll?$AA@ 0000000140018630     glfw3:wgl_context.c.obj
 0002:00001640       ??_C@_0CB@FLGENKMO@WGL?3?5Failed?5to?5load?5opengl32?4dll@ 0000000140018640     glfw3:wgl_context.c.obj
 0002:00001668       ??_C@_0BB@GHMBNOIP@wglCreateContext?$AA@ 0000000140018668     glfw3:wgl_context.c.obj
 0002:00001680       ??_C@_0BB@OGAIJNNO@wglDeleteContext?$AA@ 0000000140018680     glfw3:wgl_context.c.obj
 0002:00001698       ??_C@_0BC@FFKMKEGM@wglGetProcAddress?$AA@ 0000000140018698     glfw3:wgl_context.c.obj
 0002:000016b0       ??_C@_0BA@BMKCDCKD@wglGetCurrentDC?$AA@ 00000001400186b0     glfw3:wgl_context.c.obj
 0002:000016c0       ??_C@_0P@BBBFNDGG@wglMakeCurrent?$AA@ 00000001400186c0     glfw3:wgl_context.c.obj
 0002:000016d0       ??_C@_0O@GCGJMHDL@wglShareLists?$AA@ 00000001400186d0     glfw3:wgl_context.c.obj
 0002:000016e0       ??_C@_0CG@GMPEPNKL@WGL?3?5Failed?5to?5retrieve?5DC?5for?5w@ 00000001400186e0     glfw3:wgl_context.c.obj
 0002:00001708       ??_C@_0DG@EPNPJJLB@WGL?3?5Failed?5to?5retrieve?5PFD?5for?5@ 0000000140018708     glfw3:wgl_context.c.obj
 0002:00001740       ??_C@_0CJ@HAGOIHNO@WGL?3?5Failed?5to?5set?5selected?5pixe@ 0000000140018740     glfw3:wgl_context.c.obj
 0002:00001770       ??_C@_0FN@NPOMMKHN@WGL?3?5A?5forward?5compatible?5OpenGL@ 0000000140018770     glfw3:wgl_context.c.obj
 0002:000017d0       ??_C@_0FA@OHOPKHFK@WGL?3?5OpenGL?5profile?5requested?5bu@ 00000001400187d0     glfw3:wgl_context.c.obj
 0002:00001820       ??_C@_0EP@EKHGPGGO@WGL?3?5OpenGL?5ES?5requested?5but?5WGL@ 0000000140018820     glfw3:wgl_context.c.obj
 0002:00001870       ??_C@_0DC@CDLECLKD@WGL?3?5Driver?5does?5not?5support?5Ope@ 0000000140018870     glfw3:wgl_context.c.obj
 0002:000018a8       ??_C@_0DF@NPMNAJFG@WGL?3?5Driver?5does?5not?5support?5Ope@ 00000001400188a8     glfw3:wgl_context.c.obj
 0002:000018e0       ??_C@_0DK@CDBDDLLM@WGL?3?5Driver?5does?5not?5support?5the@ 00000001400188e0     glfw3:wgl_context.c.obj
 0002:00001920       ??_C@_0CF@GFMDJIA@WGL?3?5Failed?5to?5create?5OpenGL?5con@ 0000000140018920     glfw3:wgl_context.c.obj
 0002:00001948       ??_C@_0CI@JNBCHAIF@WGL?3?5Failed?5to?5create?5OpenGL?5ES?5@ 0000000140018948     glfw3:wgl_context.c.obj
 0002:00001970       ??_C@_0DM@FCAOPKO@WGL?3?5Failed?5to?5enable?5sharing?5wi@ 0000000140018970     glfw3:wgl_context.c.obj
 0002:000019b0       ??_C@_0CH@KLCPDMM@EGL?5is?5not?5or?5could?5not?5be?5initi@ 00000001400189b0     glfw3:egl_context.c.obj
 0002:000019d8       ??_C@_0CH@MMCOKIKC@EGL?5cannot?5access?5a?5requested?5re@ 00000001400189d8     glfw3:egl_context.c.obj
 0002:00001a00       ??_C@_0DN@GNDEENDO@EGL?5failed?5to?5allocate?5resources@ 0000000140018a00     glfw3:egl_context.c.obj
 0002:00001a40       ??_C@_0EO@EKFIJHGG@An?5unrecognized?5attribute?5or?5att@ 0000000140018a40     glfw3:egl_context.c.obj
 0002:00001a90       ??_C@_0ED@GAJEHCGA@An?5EGLContext?5argument?5does?5not?5@ 0000000140018a90     glfw3:egl_context.c.obj
 0002:00001ae0       ??_C@_0EL@BBAGGFOK@An?5EGLConfig?5argument?5does?5not?5n@ 0000000140018ae0     glfw3:egl_context.c.obj
 0002:00001b30       ??_C@_0GG@ODICGIHF@The?5current?5surface?5of?5the?5calli@ 0000000140018b30     glfw3:egl_context.c.obj
 0002:00001ba0       ??_C@_0EE@ICKHNPHB@An?5EGLDisplay?5argument?5does?5not?5@ 0000000140018ba0     glfw3:egl_context.c.obj
 0002:00001bf0       ??_C@_0FB@EPGEGHDL@An?5EGLSurface?5argument?5does?5not?5@ 0000000140018bf0     glfw3:egl_context.c.obj
 0002:00001c48       ??_C@_0BL@OIILILNJ@Arguments?5are?5inconsistent?$AA@ 0000000140018c48     glfw3:egl_context.c.obj
 0002:00001c68       ??_C@_0CI@KAHNKLLC@One?5or?5more?5argument?5values?5are?5@ 0000000140018c68     glfw3:egl_context.c.obj
 0002:00001c90       ??_C@_0EE@NKCAIGPH@A?5NativePixmapType?5argument?5does@ 0000000140018c90     glfw3:egl_context.c.obj
 0002:00001ce0       ??_C@_0EE@FBMMOIJB@A?5NativeWindowType?5argument?5does@ 0000000140018ce0     glfw3:egl_context.c.obj
 0002:00001d28       ??_C@_0DL@GNLICFMC@The?5application?5must?5destroy?5all@ 0000000140018d28     glfw3:egl_context.c.obj
 0002:00001d68       ??_C@_0BJ@KDFAHDEK@ERROR?3?5UNKNOWN?5EGL?5ERROR?$AA@ 0000000140018d68     glfw3:egl_context.c.obj
 0002:00001d88       ??_C@_0BM@KHOPPJNJ@EGL?3?5No?5EGLConfigs?5returned?$AA@ 0000000140018d88     glfw3:egl_context.c.obj
 0002:00001da8       ??_C@_0CI@MPJNGPNP@EGL?3?5Failed?5to?5make?5context?5curr@ 0000000140018da8     glfw3:egl_context.c.obj
 0002:00001dd0       ??_C@_0CJ@NBJEEEJD@EGL?3?5Failed?5to?5clear?5current?5con@ 0000000140018dd0     glfw3:egl_context.c.obj
 0002:00001e00       ??_C@_0EN@CIIGDABJ@EGL?3?5The?5context?5must?5be?5current@ 0000000140018e00     glfw3:egl_context.c.obj
 0002:00001e50       ??_C@_0L@ELKKGGMD@libEGL?4dll?$AA@ 0000000140018e50     glfw3:egl_context.c.obj
 0002:00001e60       ??_C@_07EAKGIKCB@EGL?4dll?$AA@ 0000000140018e60     glfw3:egl_context.c.obj
 0002:00001e68       ??_C@_0BH@NFNALLIN@EGL?3?5Library?5not?5found?$AA@ 0000000140018e68     glfw3:egl_context.c.obj
 0002:00001e80       ??_C@_03LPIGJBNC@lib?$AA@  0000000140018e80     glfw3:egl_context.c.obj
 0002:00001e88       ??_C@_0BD@MAEGKKAE@eglGetConfigAttrib?$AA@ 0000000140018e88     glfw3:egl_context.c.obj
 0002:00001ea0       ??_C@_0O@OMNEJBKO@eglGetConfigs?$AA@ 0000000140018ea0     glfw3:egl_context.c.obj
 0002:00001eb0       ??_C@_0O@BMJFLKOA@eglGetDisplay?$AA@ 0000000140018eb0     glfw3:egl_context.c.obj
 0002:00001ec0       ??_C@_0M@PPADKGOK@eglGetError?$AA@ 0000000140018ec0     glfw3:egl_context.c.obj
 0002:00001ed0       ??_C@_0O@EEJFKEKH@eglInitialize?$AA@ 0000000140018ed0     glfw3:egl_context.c.obj
 0002:00001ee0       ??_C@_0N@IGFNFAOP@eglTerminate?$AA@ 0000000140018ee0     glfw3:egl_context.c.obj
 0002:00001ef0       ??_C@_0L@HJOCIPHF@eglBindAPI?$AA@ 0000000140018ef0     glfw3:egl_context.c.obj
 0002:00001f00       ??_C@_0BB@KEKMNHDF@eglCreateContext?$AA@ 0000000140018f00     glfw3:egl_context.c.obj
 0002:00001f18       ??_C@_0BC@ICHKG@eglDestroySurface?$AA@ 0000000140018f18     glfw3:egl_context.c.obj
 0002:00001f30       ??_C@_0BC@BNOBCLNJ@eglDestroyContext?$AA@ 0000000140018f30     glfw3:egl_context.c.obj
 0002:00001f48       ??_C@_0BH@MDMCFBDG@eglCreateWindowSurface?$AA@ 0000000140018f48     glfw3:egl_context.c.obj
 0002:00001f60       ??_C@_0P@PNPBPNLI@eglMakeCurrent?$AA@ 0000000140018f60     glfw3:egl_context.c.obj
 0002:00001f70       ??_C@_0P@DEBOOHKH@eglSwapBuffers?$AA@ 0000000140018f70     glfw3:egl_context.c.obj
 0002:00001f80       ??_C@_0BA@BGJPOLDF@eglSwapInterval?$AA@ 0000000140018f80     glfw3:egl_context.c.obj
 0002:00001f90       ??_C@_0P@HJKEKLKD@eglQueryString?$AA@ 0000000140018f90     glfw3:egl_context.c.obj
 0002:00001fa0       ??_C@_0BC@HONLJDPH@eglGetProcAddress?$AA@ 0000000140018fa0     glfw3:egl_context.c.obj
 0002:00001fb8       ??_C@_0CK@DCPJCPHH@EGL?3?5Failed?5to?5load?5required?5ent@ 0000000140018fb8     glfw3:egl_context.c.obj
 0002:00001fe8       ??_C@_0CD@CODEPNKE@EGL?3?5Failed?5to?5get?5EGL?5display?3?5@ 0000000140018fe8     glfw3:egl_context.c.obj
 0002:00002010       ??_C@_0CC@DOIEFDD@EGL?3?5Failed?5to?5initialize?5EGL?3?5?$CF@ 0000000140019010     glfw3:egl_context.c.obj
 0002:00002038       ??_C@_0BH@GIBFIFPN@EGL_KHR_create_context?$AA@ 0000000140019038     glfw3:egl_context.c.obj
 0002:00002050       ??_C@_0CA@OJFEOPKP@EGL_KHR_create_context_no_error?$AA@ 0000000140019050     glfw3:egl_context.c.obj
 0002:00002070       ??_C@_0BG@GOAKKGGB@EGL_KHR_gl_colorspace?$AA@ 0000000140019070     glfw3:egl_context.c.obj
 0002:00002088       ??_C@_0BH@PDIOJKKP@EGL?3?5API?5not?5available?$AA@ 0000000140019088     glfw3:egl_context.c.obj
 0002:000020a0       ??_C@_0CJ@JPDPLHCM@EGL?3?5Failed?5to?5find?5a?5suitable?5E@ 00000001400190a0     glfw3:egl_context.c.obj
 0002:000020d0       ??_C@_0CC@NIBJMOI@EGL?3?5Failed?5to?5bind?5OpenGL?5ES?3?5?$CF@ 00000001400190d0     glfw3:egl_context.c.obj
 0002:000020f8       ??_C@_0BP@PHOHHIJJ@EGL?3?5Failed?5to?5bind?5OpenGL?3?5?$CFs?$AA@ 00000001400190f8     glfw3:egl_context.c.obj
 0002:00002118       ??_C@_0CC@GOIKODMM@EGL?3?5Failed?5to?5create?5context?3?5?$CF@ 0000000140019118     glfw3:egl_context.c.obj
 0002:00002140       ??_C@_0CJ@MHLGDLLP@EGL?3?5Failed?5to?5create?5window?5sur@ 0000000140019140     glfw3:egl_context.c.obj
 0002:00002170       ??_C@_0O@KOJFNJDA@GLESv1_CM?4dll?$AA@ 0000000140019170     glfw3:egl_context.c.obj
 0002:00002180       ??_C@_0P@MADFBLIB@libGLES_CM?4dll?$AA@ 0000000140019180     glfw3:egl_context.c.obj
 0002:00002190       ??_C@_0L@CEBLLDFF@GLESv2?4dll?$AA@ 0000000140019190     glfw3:egl_context.c.obj
 0002:000021a0       ??_C@_0O@HFAAEHFL@libGLESv2?4dll?$AA@ 00000001400191a0     glfw3:egl_context.c.obj
 0002:000021b0       ??_C@_0CD@JDEAKJCI@EGL?3?5Failed?5to?5load?5client?5libra@ 00000001400191b0     glfw3:egl_context.c.obj
 0002:000021e0       ??_C@_1FC@LIEGOOLD@?$AAD?$AAi?$AAg?$AAi?$AAC?$AAe?$AAr?$AAt?$AA?5?$AAS?$AAH?$AAA?$AA2?$AA?5?$AAA?$AAs?$AAs?$AAu?$AAr?$AAe?$AAd?$AA?5?$AAI?$AAD?$AA?5?$AAC?$AAo?$AAd?$AAe?$AA?5?$AAS?$AAi@ 00000001400191e0     LibOVR:OVR_CAPIShim.obj
 0002:00002238       ??_C@_1BO@GBOFAKEI@?$AAO?$AAc?$AAu?$AAl?$AAu?$AAs?$AA?5?$AAV?$AAR?$AA?0?$AA?5?$AAL?$AAL?$AAC?$AA?$AA@ 0000000140019238     LibOVR:OVR_CAPIShim.obj
 0002:00002258       ??_C@_1DI@DJIFJFKJ@?$AAD?$AAi?$AAg?$AAi?$AAC?$AAe?$AAr?$AAt?$AA?5?$AAA?$AAs?$AAs?$AAu?$AAr?$AAe?$AAd?$AA?5?$AAI?$AAD?$AA?5?$AAR?$AAo?$AAo?$AAt?$AA?5?$AAC?$AAA?$AA?$AA@ 0000000140019258     LibOVR:OVR_CAPIShim.obj
 0002:000022d8       ??_C@_07FBAAFAAA@2?45?44?43?$AA@ 00000001400192d8     LibOVR:OVR_CAPIShim.obj
 0002:000022e0       ??_C@_1BC@ELHFMPBA@?$AAw?$AAi?$AAn?$AAt?$AAr?$AAu?$AAs?$AAt?$AA?$AA@ 00000001400192e0     LibOVR:OVR_CAPIShim.obj
 0002:000022f8       ??_C@_1BA@LHLABOIJ@?$AAc?$AAr?$AAy?$AAp?$AAt?$AA3?$AA2?$AA?$AA@ 00000001400192f8     LibOVR:OVR_CAPIShim.obj
 0002:00002308       ??_C@_0BD@FILGJOGN@CertGetNameStringW?$AA@ 0000000140019308     LibOVR:OVR_CAPIShim.obj
 0002:00002320       ??_C@_0P@CBOPOJKE@WinVerifyTrust?$AA@ 0000000140019320     LibOVR:OVR_CAPIShim.obj
 0002:00002330       ??_C@_0BO@OEKMNOJM@WTHelperProvDataFromStateData?$AA@ 0000000140019330     LibOVR:OVR_CAPIShim.obj
 0002:00002350       ??_C@_0BP@BBMCBEAG@WTHelperGetProvSignerFromChain?$AA@ 0000000140019350     LibOVR:OVR_CAPIShim.obj
 0002:00002370       ??_C@_02JLHCEMDI@64?$AA@   0000000140019370     LibOVR:OVR_CAPIShim.obj
 0002:00002378       ??_C@_0P@FIPPOCAA@LIBOVR_DLL_DIR?$AA@ 0000000140019378     LibOVR:OVR_CAPIShim.obj
 0002:00002388       ??_C@_01KICIPPFI@?2?$AA@   0000000140019388     LibOVR:OVR_CAPIShim.obj
 0002:0000238c       ??_C@_11LOCGONAA@?$AA?$AA@ 000000014001938c     LibOVR:OVR_CAPIShim.obj
 0002:00002390       ??_C@_1CM@DIHIECNO@?$AA?$CF?$AAl?$AAs?$AAL?$AAi?$AAb?$AAO?$AAV?$AAR?$AAR?$AAT?$AA?$CF?$AAh?$AAs?$AA_?$AA?$CF?$AAd?$AA?4?$AAd?$AAl?$AAl?$AA?$AA@ 0000000140019390     LibOVR:OVR_CAPIShim.obj
 0002:000023c0       ??_C@_0BM@INOEHHBN@Unable?5to?5load?5LibOVRRT?5DLL?$AA@ 00000001400193c0     LibOVR:OVR_CAPIShim.obj
 0002:000023e0       ??_C@_0P@IEAHLAHD@ovr_Initialize?$AA@ 00000001400193e0     LibOVR:OVR_CAPIShim.obj
 0002:000023f0       ??_C@_0CD@NHCNDCPA@Unable?5to?5locate?5LibOVRRT?5symbol@ 00000001400193f0     LibOVR:OVR_CAPIShim.obj
 0002:00002418       ??_C@_0N@DPCLNMDH@ovr_Shutdown?$AA@ 0000000140019418     LibOVR:OVR_CAPIShim.obj
 0002:00002428       ??_C@_0BF@CBELHPIA@ovr_GetVersionString?$AA@ 0000000140019428     LibOVR:OVR_CAPIShim.obj
 0002:00002440       ??_C@_0BF@PAGFIOLE@ovr_GetLastErrorInfo?$AA@ 0000000140019440     LibOVR:OVR_CAPIShim.obj
 0002:00002458       ??_C@_0P@OHBCHBEC@ovr_GetHmdDesc?$AA@ 0000000140019458     LibOVR:OVR_CAPIShim.obj
 0002:00002468       ??_C@_0BE@HCAOBMO@ovr_GetTrackerCount?$AA@ 0000000140019468     LibOVR:OVR_CAPIShim.obj
 0002:00002480       ??_C@_0BD@HGPDFMKK@ovr_GetTrackerDesc?$AA@ 0000000140019480     LibOVR:OVR_CAPIShim.obj
 0002:00002498       ??_C@_0L@FEGDCHBA@ovr_Create?$AA@ 0000000140019498     LibOVR:OVR_CAPIShim.obj
 0002:000024a8       ??_C@_0M@BONBDJNL@ovr_Destroy?$AA@ 00000001400194a8     LibOVR:OVR_CAPIShim.obj
 0002:000024b8       ??_C@_0BF@IFKDKEFG@ovr_GetSessionStatus?$AA@ 00000001400194b8     LibOVR:OVR_CAPIShim.obj
 0002:000024d0       ??_C@_0BJ@PKGPFBCD@ovr_IsExtensionSupported?$AA@ 00000001400194d0     LibOVR:OVR_CAPIShim.obj
 0002:000024f0       ??_C@_0BE@DOGNMFLG@ovr_EnableExtension?$AA@ 00000001400194f0     LibOVR:OVR_CAPIShim.obj
 0002:00002508       ??_C@_0BK@DIBIEGMG@ovr_SetTrackingOriginType?$AA@ 0000000140019508     LibOVR:OVR_CAPIShim.obj
 0002:00002528       ??_C@_0BK@MNEOJPIH@ovr_GetTrackingOriginType?$AA@ 0000000140019528     LibOVR:OVR_CAPIShim.obj
 0002:00002548       ??_C@_0BL@LLHPKKOE@ovr_RecenterTrackingOrigin?$AA@ 0000000140019548     LibOVR:OVR_CAPIShim.obj
 0002:00002568       ??_C@_0BK@DMEAOBFL@ovr_SpecifyTrackingOrigin?$AA@ 0000000140019568     LibOVR:OVR_CAPIShim.obj
 0002:00002588       ??_C@_0BM@ODNJIIMC@ovr_ClearShouldRecenterFlag?$AA@ 0000000140019588     LibOVR:OVR_CAPIShim.obj
 0002:000025a8       ??_C@_0BF@IEDIGEHL@ovr_GetTrackingState?$AA@ 00000001400195a8     LibOVR:OVR_CAPIShim.obj
 0002:000025c0       ??_C@_0BD@NKHECKAK@ovr_GetTrackerPose?$AA@ 00000001400195c0     LibOVR:OVR_CAPIShim.obj
 0002:000025d8       ??_C@_0BC@PIFMFCDN@ovr_GetInputState?$AA@ 00000001400195d8     LibOVR:OVR_CAPIShim.obj
 0002:000025f0       ??_C@_0CA@BCBDCON@ovr_GetConnectedControllerTypes?$AA@ 00000001400195f0     LibOVR:OVR_CAPIShim.obj
 0002:00002610       ??_C@_0BG@BJHCEOEE@ovr_GetFovTextureSize?$AA@ 0000000140019610     LibOVR:OVR_CAPIShim.obj
 0002:00002628       ??_C@_0BC@FPCDPHOM@ovr_GetFovStencil?$AA@ 0000000140019628     LibOVR:OVR_CAPIShim.obj
 0002:00002640       ??_C@_0BF@JBCGKKH@ovr_WaitToBeginFrame?$AA@ 0000000140019640     LibOVR:OVR_CAPIShim.obj
 0002:00002658       ??_C@_0P@KMLJIMFB@ovr_BeginFrame?$AA@ 0000000140019658     LibOVR:OVR_CAPIShim.obj
 0002:00002668       ??_C@_0N@FDLPDFOL@ovr_EndFrame?$AA@ 0000000140019668     LibOVR:OVR_CAPIShim.obj
 0002:00002678       ??_C@_0BB@IDFEMBNF@ovr_SubmitFrame2?$AA@ 0000000140019678     LibOVR:OVR_CAPIShim.obj
 0002:00002690       ??_C@_0BD@NIOMILBG@ovr_GetRenderDesc2?$AA@ 0000000140019690     LibOVR:OVR_CAPIShim.obj
 0002:000026a8       ??_C@_0BM@PDKIIMFK@ovr_GetPredictedDisplayTime?$AA@ 00000001400196a8     LibOVR:OVR_CAPIShim.obj
 0002:000026c8       ??_C@_0BF@NHEALEKO@ovr_GetTimeInSeconds?$AA@ 00000001400196c8     LibOVR:OVR_CAPIShim.obj
 0002:000026e0       ??_C@_0M@DGPMCKPA@ovr_GetBool?$AA@ 00000001400196e0     LibOVR:OVR_CAPIShim.obj
 0002:000026f0       ??_C@_0M@MOANBFCB@ovr_SetBool?$AA@ 00000001400196f0     LibOVR:OVR_CAPIShim.obj
 0002:00002700       ??_C@_0L@MEJBANHF@ovr_GetInt?$AA@ 0000000140019700     LibOVR:OVR_CAPIShim.obj
 0002:00002710       ??_C@_0L@FHAALFKI@ovr_SetInt?$AA@ 0000000140019710     LibOVR:OVR_CAPIShim.obj
 0002:00002720       ??_C@_0N@CCDBBJFB@ovr_GetFloat?$AA@ 0000000140019720     LibOVR:OVR_CAPIShim.obj
 0002:00002730       ??_C@_0N@NDBNAKCM@ovr_SetFloat?$AA@ 0000000140019730     LibOVR:OVR_CAPIShim.obj
 0002:00002740       ??_C@_0BC@JLLBFGDA@ovr_GetFloatArray?$AA@ 0000000140019740     LibOVR:OVR_CAPIShim.obj
 0002:00002758       ??_C@_0BC@OEKPOFEH@ovr_SetFloatArray?$AA@ 0000000140019758     LibOVR:OVR_CAPIShim.obj
 0002:00002770       ??_C@_0O@KAOEMDPO@ovr_GetString?$AA@ 0000000140019770     LibOVR:OVR_CAPIShim.obj
 0002:00002780       ??_C@_0O@IOKBOCGM@ovr_SetString?$AA@ 0000000140019780     LibOVR:OVR_CAPIShim.obj
 0002:00002790       ??_C@_0BB@OCKDFHPB@ovr_TraceMessage?$AA@ 0000000140019790     LibOVR:OVR_CAPIShim.obj
 0002:000027a8       ??_C@_0BD@KDPGMNHA@ovr_IdentifyClient?$AA@ 00000001400197a8     LibOVR:OVR_CAPIShim.obj
 0002:000027c0       ??_C@_0BN@MMEDKLCP@ovr_CreateTextureSwapChainGL?$AA@ 00000001400197c0     LibOVR:OVR_CAPIShim.obj
 0002:000027e0       ??_C@_0BK@GCFDPFJD@ovr_CreateMirrorTextureGL?$AA@ 00000001400197e0     LibOVR:OVR_CAPIShim.obj
 0002:00002800       ??_C@_0CF@EMCMOKLI@ovr_CreateMirrorTextureWithOptio@ 0000000140019800     LibOVR:OVR_CAPIShim.obj
 0002:00002828       ??_C@_0CA@LOIOKHCD@ovr_GetTextureSwapChainBufferGL?$AA@ 0000000140019828     LibOVR:OVR_CAPIShim.obj
 0002:00002848       ??_C@_0BN@EBJMNLKG@ovr_GetMirrorTextureBufferGL?$AA@ 0000000140019848     LibOVR:OVR_CAPIShim.obj
 0002:00002868       ??_C@_0BO@EMFHBIND@ovr_GetTextureSwapChainLength?$AA@ 0000000140019868     LibOVR:OVR_CAPIShim.obj
 0002:00002888       ??_C@_0CE@NDHLHGHA@ovr_GetTextureSwapChainCurrentIn@ 0000000140019888     LibOVR:OVR_CAPIShim.obj
 0002:000028b0       ??_C@_0BM@HBHAPBEM@ovr_GetTextureSwapChainDesc?$AA@ 00000001400198b0     LibOVR:OVR_CAPIShim.obj
 0002:000028d0       ??_C@_0BL@KDJBNMAM@ovr_CommitTextureSwapChain?$AA@ 00000001400198d0     LibOVR:OVR_CAPIShim.obj
 0002:000028f0       ??_C@_0BM@CEKABNCD@ovr_DestroyTextureSwapChain?$AA@ 00000001400198f0     LibOVR:OVR_CAPIShim.obj
 0002:00002910       ??_C@_0BJ@CPGDBEDE@ovr_DestroyMirrorTexture?$AA@ 0000000140019910     LibOVR:OVR_CAPIShim.obj
 0002:00002930       ??_C@_0L@OBJDCFK@ovr_Lookup?$AA@ 0000000140019930     LibOVR:OVR_CAPIShim.obj
 0002:00002940       ??_C@_0BI@FLBKIHAE@ovr_GetTouchHapticsDesc?$AA@ 0000000140019940     LibOVR:OVR_CAPIShim.obj
 0002:00002958       ??_C@_0BL@KAJOFFLF@ovr_SetControllerVibration?$AA@ 0000000140019958     LibOVR:OVR_CAPIShim.obj
 0002:00002978       ??_C@_0BO@OEKFHJGL@ovr_SubmitControllerVibration?$AA@ 0000000140019978     LibOVR:OVR_CAPIShim.obj
 0002:00002998       ??_C@_0CA@COFGIHBN@ovr_GetControllerVibrationState?$AA@ 0000000140019998     LibOVR:OVR_CAPIShim.obj
 0002:000029b8       ??_C@_0BB@CMEMEIH@ovr_TestBoundary?$AA@ 00000001400199b8     LibOVR:OVR_CAPIShim.obj
 0002:000029d0       ??_C@_0BG@GKBEDPH@ovr_TestBoundaryPoint?$AA@ 00000001400199d0     LibOVR:OVR_CAPIShim.obj
 0002:000029e8       ??_C@_0BL@BMACGMOM@ovr_SetBoundaryLookAndFeel?$AA@ 00000001400199e8     LibOVR:OVR_CAPIShim.obj
 0002:00002a08       ??_C@_0BN@CCHOCLHH@ovr_ResetBoundaryLookAndFeel?$AA@ 0000000140019a08     LibOVR:OVR_CAPIShim.obj
 0002:00002a28       ??_C@_0BI@JDCCEONN@ovr_GetBoundaryGeometry?$AA@ 0000000140019a28     LibOVR:OVR_CAPIShim.obj
 0002:00002a40       ??_C@_0BK@OACEPHNG@ovr_GetBoundaryDimensions?$AA@ 0000000140019a40     LibOVR:OVR_CAPIShim.obj
 0002:00002a60       ??_C@_0BH@HOCMPIBD@ovr_GetBoundaryVisible?$AA@ 0000000140019a60     LibOVR:OVR_CAPIShim.obj
 0002:00002a78       ??_C@_0BL@PDCOGPEB@ovr_RequestBoundaryVisible?$AA@ 0000000140019a78     LibOVR:OVR_CAPIShim.obj
 0002:00002a98       ??_C@_0BB@BFPKOCLA@ovr_GetPerfStats?$AA@ 0000000140019a98     LibOVR:OVR_CAPIShim.obj
 0002:00002ab0       ??_C@_0BD@BAFFJGJJ@ovr_ResetPerfStats?$AA@ 0000000140019ab0     LibOVR:OVR_CAPIShim.obj
 0002:00002ac8       ??_C@_0BH@MDKCMBDA@ovr_GetExternalCameras?$AA@ 0000000140019ac8     LibOVR:OVR_CAPIShim.obj
 0002:00002ae0       ??_C@_0CA@JPKDHNOE@ovr_SetExternalCameraProperties?$AA@ 0000000140019ae0     LibOVR:OVR_CAPIShim.obj
 0002:00002b00       ??_C@_0BN@OAKLMCCD@ovr_CreateTextureSwapChainDX?$AA@ 0000000140019b00     LibOVR:OVR_CAPIShim.obj
 0002:00002b20       ??_C@_0BK@EOLLJMJP@ovr_CreateMirrorTextureDX?$AA@ 0000000140019b20     LibOVR:OVR_CAPIShim.obj
 0002:00002b40       ??_C@_0CF@GAMEIDLE@ovr_CreateMirrorTextureWithOptio@ 0000000140019b40     LibOVR:OVR_CAPIShim.obj
 0002:00002b68       ??_C@_0CA@JCGGMOCP@ovr_GetTextureSwapChainBufferDX?$AA@ 0000000140019b68     LibOVR:OVR_CAPIShim.obj
 0002:00002b88       ??_C@_0BN@GNHELCKK@ovr_GetMirrorTextureBufferDX?$AA@ 0000000140019b88     LibOVR:OVR_CAPIShim.obj
 0002:00002ba8       ??_C@_0BM@NAEFMIO@ovr_GetAudioDeviceOutWaveId?$AA@ 0000000140019ba8     LibOVR:OVR_CAPIShim.obj
 0002:00002bc8       ??_C@_0BL@NMEFNAAF@ovr_GetAudioDeviceInWaveId?$AA@ 0000000140019bc8     LibOVR:OVR_CAPIShim.obj
 0002:00002be8       ??_C@_0BN@BEEMLFIM@ovr_GetAudioDeviceOutGuidStr?$AA@ 0000000140019be8     LibOVR:OVR_CAPIShim.obj
 0002:00002c08       ??_C@_0BK@IOIIAPIF@ovr_GetAudioDeviceOutGuid?$AA@ 0000000140019c08     LibOVR:OVR_CAPIShim.obj
 0002:00002c28       ??_C@_0BM@GOPHKOKI@ovr_GetAudioDeviceInGuidStr?$AA@ 0000000140019c28     LibOVR:OVR_CAPIShim.obj
 0002:00002c48       ??_C@_0BJ@GKMPMIJL@ovr_GetAudioDeviceInGuid?$AA@ 0000000140019c48     LibOVR:OVR_CAPIShim.obj
 0002:00002c68       ??_C@_0BM@NEPIMHDD@ovr_GetInstanceExtensionsVk?$AA@ 0000000140019c68     LibOVR:OVR_CAPIShim.obj
 0002:00002c88       ??_C@_0BK@KCCMPGHB@ovr_GetDeviceExtensionsVk?$AA@ 0000000140019c88     LibOVR:OVR_CAPIShim.obj
 0002:00002ca8       ??_C@_0BP@PAFHLNEB@ovr_GetSessionPhysicalDeviceVk?$AA@ 0000000140019ca8     LibOVR:OVR_CAPIShim.obj
 0002:00002cc8       ??_C@_0BO@FKCHHHAA@ovr_SetSynchronizationQueueVk?$AA@ 0000000140019cc8     LibOVR:OVR_CAPIShim.obj
 0002:00002ce8       ??_C@_0BN@LGCNAAN@ovr_CreateTextureSwapChainVk?$AA@ 0000000140019ce8     LibOVR:OVR_CAPIShim.obj
 0002:00002d08       ??_C@_0CA@HJKPNMAB@ovr_GetTextureSwapChainBufferVk?$AA@ 0000000140019d08     LibOVR:OVR_CAPIShim.obj
 0002:00002d28       ??_C@_0CF@ILANJBJK@ovr_CreateMirrorTextureWithOptio@ 0000000140019d28     LibOVR:OVR_CAPIShim.obj
 0002:00002d50       ??_C@_0BN@IGLNKAIE@ovr_GetMirrorTextureBufferVk?$AA@ 0000000140019d50     LibOVR:OVR_CAPIShim.obj
 0002:00002d70       ??_C@_0CD@IHAPHFDF@ovr_GetTrackingStateWithSensorDa@ 0000000140019d70     LibOVR:OVR_CAPIShim.obj
 0002:00002d98       ??_C@_0BD@KFPBBEFM@ovr_GetDevicePoses?$AA@ 0000000140019d98     LibOVR:OVR_CAPIShim.obj
 0002:00002db0       ??_C@_0BF@MPGKJKAM@ovr_ReportClientInfo?$AA@ 0000000140019db0     LibOVR:OVR_CAPIShim.obj
 0002:00002e30       _load_config_used          0000000140019e30     msvcrt:loadcfg.obj
 0002:000031e0       __rtc_iaa                  000000014001a1e0     msvcrt:initsect.obj
 0002:000031e8       __rtc_izz                  000000014001a1e8     msvcrt:initsect.obj
 0002:000031f0       __rtc_taa                  000000014001a1f0     msvcrt:initsect.obj
 0002:000031f8       __rtc_tzz                  000000014001a1f8     msvcrt:initsect.obj
 0002:00004080       __IMPORT_DESCRIPTOR_VCRUNTIME140 000000014001b080     vcruntime:VCRUNTIME140.dll
 0002:00004094       __IMPORT_DESCRIPTOR_MSVCP140 000000014001b094     msvcprt:MSVCP140.dll
 0002:000040a8       __IMPORT_DESCRIPTOR_KERNEL32 000000014001b0a8     kernel32:KERNEL32.dll
 0002:000040bc       __IMPORT_DESCRIPTOR_api-ms-win-crt-string-l1-1-0 000000014001b0bc     ucrt:api-ms-win-crt-string-l1-1-0.dll
 0002:000040d0       __IMPORT_DESCRIPTOR_api-ms-win-crt-stdio-l1-1-0 000000014001b0d0     ucrt:api-ms-win-crt-stdio-l1-1-0.dll
 0002:000040e4       __IMPORT_DESCRIPTOR_api-ms-win-crt-heap-l1-1-0 000000014001b0e4     ucrt:api-ms-win-crt-heap-l1-1-0.dll
 0002:000040f8       __IMPORT_DESCRIPTOR_api-ms-win-crt-runtime-l1-1-0 000000014001b0f8     ucrt:api-ms-win-crt-runtime-l1-1-0.dll
 0002:0000410c       __IMPORT_DESCRIPTOR_api-ms-win-crt-math-l1-1-0 000000014001b10c     ucrt:api-ms-win-crt-math-l1-1-0.dll
 0002:00004120       __IMPORT_DESCRIPTOR_api-ms-win-crt-locale-l1-1-0 000000014001b120     ucrt:api-ms-win-crt-locale-l1-1-0.dll
 0002:00004134       __IMPORT_DESCRIPTOR_api-ms-win-crt-utility-l1-1-0 000000014001b134     ucrt:api-ms-win-crt-utility-l1-1-0.dll
 0002:00004148       __IMPORT_DESCRIPTOR_api-ms-win-crt-environment-l1-1-0 000000014001b148     ucrt:api-ms-win-crt-environment-l1-1-0.dll
 0002:0000415c       __IMPORT_DESCRIPTOR_USER32 000000014001b15c     user32:USER32.dll
 0002:00004170       __IMPORT_DESCRIPTOR_GDI32  000000014001b170     Gdi32:GDI32.dll
 0002:00004184       __IMPORT_DESCRIPTOR_SHELL32 000000014001b184     shell32:SHELL32.dll
 0002:00004198       __NULL_IMPORT_DESCRIPTOR   000000014001b198     vcruntime:VCRUNTIME140.dll
 0003:00000000       NvOptimusEnablement        000000014001d000     main.obj
 0003:000058d0       __security_cookie_complement 00000001400228d0     msvcrt:gs_cookie.obj
 0003:000058d8       __security_cookie          00000001400228d8     msvcrt:gs_cookie.obj
 0003:000058e0       _fltused                   00000001400228e0     msvcrt:fltused.obj
 0003:000058e4       __scrt_native_dllmain_reason 00000001400228e4     msvcrt:utility.obj
 0003:000058e8       __scrt_default_matherr     00000001400228e8     msvcrt:matherr.obj
 0003:000058f0       __isa_available            00000001400228f0     msvcrt:cpu_disp.obj
 0003:000058f4       __isa_enabled              00000001400228f4     msvcrt:cpu_disp.obj
 0003:000058f8       __memcpy_nt_iters          00000001400228f8     msvcrt:cpu_disp.obj
 0003:00005f28       NewCertificateChain        0000000140022f28     LibOVR:OVR_CAPIShim.obj
 0003:00005f58       AllowedCertificateChains   0000000140022f58     LibOVR:OVR_CAPIShim.obj
 0003:00005f60       __scrt_ucrt_dll_is_in_use  0000000140022f60     msvcrt:ucrt_stubs.obj
 0003:00005f80       glad_glScissorIndexedv     0000000140022f80     glad.obj
 0003:00005f88       glad_glDepthRangeArrayv    0000000140022f88     glad.obj
 0003:00005f90       glad_glDepthRangeIndexed   0000000140022f90     glad.obj
 0003:00005f98       glad_glGetFloati_v         0000000140022f98     glad.obj
 0003:00005fa0       glad_glGetDoublei_v        0000000140022fa0     glad.obj
[...]
 0004:0000030c       $pdata$__scrt_fastfail     000000014002730c     msvcrt:utility_desktop.obj
 0004:00000318       $pdata$__scrt_unhandled_exception_filter 0000000140027318     msvcrt:utility_desktop.obj
 0004:00000324       $pdata$_RTC_Initialize     0000000140027324     msvcrt:initsect.obj
 0004:00000330       $pdata$_RTC_Terminate      0000000140027330     msvcrt:initsect.obj
 0004:0000033c       $pdata$__isa_available_init 000000014002733c     msvcrt:cpu_disp.obj
 0004:00000354       $pdata$glfwInit            0000000140027354     glfw3:init.c.obj
 0004:00000360       $pdata$glfwTerminate       0000000140027360     glfw3:init.c.obj
 0004:0000036c       $pdata$0$glfwTerminate     000000014002736c     glfw3:init.c.obj
 0004:00000378       $pdata$1$glfwTerminate     0000000140027378     glfw3:init.c.obj
 0004:00000384       $pdata$2$glfwTerminate     0000000140027384     glfw3:init.c.obj
 0004:00000390       $pdata$3$glfwTerminate     0000000140027390     glfw3:init.c.obj
 0004:0000039c       $pdata$_glfwInputError     000000014002739c     glfw3:init.c.obj
 0004:000003a8       $pdata$0$_glfwInputError   00000001400273a8     glfw3:init.c.obj
 0004:000003b4       $pdata$1$_glfwInputError   00000001400273b4     glfw3:init.c.obj
 0004:000003c0       $pdata$glfwDefaultWindowHints 00000001400273c0     glfw3:window.c.obj
 0004:000003cc       $pdata$glfwCreateWindow    00000001400273cc     glfw3:window.c.obj
 0004:000003d8       $pdata$0$glfwCreateWindow  00000001400273d8     glfw3:window.c.obj
 0004:000003e4       $pdata$1$glfwCreateWindow  00000001400273e4     glfw3:window.c.obj
 0004:000003f0       $pdata$2$glfwCreateWindow  00000001400273f0     glfw3:window.c.obj
 0004:000003fc       $pdata$3$glfwCreateWindow  00000001400273fc     glfw3:window.c.obj
 0004:00000408       $pdata$glfwDestroyWindow   0000000140027408     glfw3:window.c.obj
 0004:00000414       $pdata$glfwWindowShouldClose 0000000140027414     glfw3:window.c.obj
 0004:00000420       $pdata$_glfwInputWindowFocus 0000000140027420     glfw3:window.c.obj
 0004:0000042c       $pdata$0$_glfwInputWindowFocus 000000014002742c     glfw3:window.c.obj
 0004:00000438       $pdata$2$_glfwInputWindowFocus 0000000140027438     glfw3:window.c.obj
 0004:00000444       $pdata$3$_glfwInputWindowFocus 0000000140027444     glfw3:window.c.obj
 0004:00000450       $pdata$4$_glfwInputWindowFocus 0000000140027450     glfw3:window.c.obj
 0004:0000045c       $pdata$glfwMakeContextCurrent 000000014002745c     glfw3:context.c.obj
 0004:00000468       $pdata$glfwSwapInterval    0000000140027468     glfw3:context.c.obj
 0004:00000474       $pdata$glfwExtensionSupported 0000000140027474     glfw3:context.c.obj
 0004:00000480       $pdata$0$glfwExtensionSupported 0000000140027480     glfw3:context.c.obj
 0004:0000048c       $pdata$2$glfwExtensionSupported 000000014002748c     glfw3:context.c.obj
 0004:00000498       $pdata$5$glfwExtensionSupported 0000000140027498     glfw3:context.c.obj
 0004:000004a4       $pdata$7$glfwExtensionSupported 00000001400274a4     glfw3:context.c.obj
 0004:000004b0       $pdata$9$glfwExtensionSupported 00000001400274b0     glfw3:context.c.obj
 0004:000004bc       $pdata$glfwGetProcAddress  00000001400274bc     glfw3:context.c.obj
 0004:000004c8       $pdata$_glfwStringInExtensionString 00000001400274c8     glfw3:context.c.obj
 0004:000004d4       $pdata$_glfwChooseFBConfig 00000001400274d4     glfw3:context.c.obj
 0004:000004e0       $pdata$3$_glfwChooseFBConfig 00000001400274e0     glfw3:context.c.obj
 0004:000004ec       $pdata$4$_glfwChooseFBConfig 00000001400274ec     glfw3:context.c.obj
 0004:000004f8       $pdata$_glfwRefreshContextAttribs 00000001400274f8     glfw3:context.c.obj
 0004:00000504       $pdata$0$_glfwRefreshContextAttribs 0000000140027504     glfw3:context.c.obj
 0004:00000510       $pdata$1$_glfwRefreshContextAttribs 0000000140027510     glfw3:context.c.obj
 0004:0000051c       $pdata$2$_glfwRefreshContextAttribs 000000014002751c     glfw3:context.c.obj
 0004:00000528       $pdata$3$_glfwRefreshContextAttribs 0000000140027528     glfw3:context.c.obj
 0004:00000534       $pdata$4$_glfwRefreshContextAttribs 0000000140027534     glfw3:context.c.obj
 0004:00000540       $pdata$5$_glfwRefreshContextAttribs 0000000140027540     glfw3:context.c.obj
 0004:0000054c       $pdata$_glfwIsValidContextConfig 000000014002754c     glfw3:context.c.obj
 0004:00000558       $pdata$sscanf              0000000140027558     glfw3:context.c.obj
 0004:00000564       $pdata$glfwDestroyCursor   0000000140027564     glfw3:input.c.obj
 0004:00000570       $pdata$0$glfwDestroyCursor 0000000140027570     glfw3:input.c.obj
 0004:0000057c       $pdata$1$glfwDestroyCursor 000000014002757c     glfw3:input.c.obj
 0004:00000588       $pdata$2$glfwDestroyCursor 0000000140027588     glfw3:input.c.obj
 0004:00000594       $pdata$3$glfwDestroyCursor 0000000140027594     glfw3:input.c.obj
 0004:000005a0       $pdata$_glfwInputChar      00000001400275a0     glfw3:input.c.obj
 0004:000005ac       $pdata$_glfwCreateWideStringFromUTF8Win32 00000001400275ac     glfw3:win32_init.c.obj
 0004:000005b8       $pdata$0$_glfwCreateWideStringFromUTF8Win32 00000001400275b8     glfw3:win32_init.c.obj
 0004:000005c4       $pdata$2$_glfwCreateWideStringFromUTF8Win32 00000001400275c4     glfw3:win32_init.c.obj
 0004:000005d0       $pdata$_glfwCreateUTF8FromWideStringWin32 00000001400275d0     glfw3:win32_init.c.obj
 0004:000005dc       $pdata$_glfwPlatformInit   00000001400275dc     glfw3:win32_init.c.obj
 0004:000005e8       $pdata$_glfwPlatformTerminate 00000001400275e8     glfw3:win32_init.c.obj
 0004:000005f4       $pdata$loadLibraries       00000001400275f4     glfw3:win32_init.c.obj
 0004:00000600       $pdata$0$loadLibraries     0000000140027600     glfw3:win32_init.c.obj
 0004:0000060c       $pdata$1$loadLibraries     000000014002760c     glfw3:win32_init.c.obj
 0004:00000618       $pdata$freeLibraries       0000000140027618     glfw3:win32_init.c.obj
 0004:00000624       $pdata$createKeyTables     0000000140027624     glfw3:win32_init.c.obj
 0004:00000630       $pdata$createHelperWindow  0000000140027630     glfw3:win32_init.c.obj
 0004:0000063c       $pdata$_glfwSetVideoModeWin32 000000014002763c     glfw3:win32_monitor.c.obj
 0004:00000648       $pdata$0$_glfwSetVideoModeWin32 0000000140027648     glfw3:win32_monitor.c.obj
 0004:00000654       $pdata$1$_glfwSetVideoModeWin32 0000000140027654     glfw3:win32_monitor.c.obj
 0004:00000660       $pdata$_glfwRestoreVideoModeWin32 0000000140027660     glfw3:win32_monitor.c.obj
 0004:0000066c       $pdata$_glfwPlatformGetMonitors 000000014002766c     glfw3:win32_monitor.c.obj
 0004:00000678       $pdata$1$_glfwPlatformGetMonitors 0000000140027678     glfw3:win32_monitor.c.obj
 0004:00000684       $pdata$2$_glfwPlatformGetMonitors 0000000140027684     glfw3:win32_monitor.c.obj
 0004:00000690       $pdata$3$_glfwPlatformGetMonitors 0000000140027690     glfw3:win32_monitor.c.obj
 0004:0000069c       $pdata$_glfwPlatformGetMonitorPos 000000014002769c     glfw3:win32_monitor.c.obj
 0004:000006a8       $pdata$_glfwPlatformGetVideoModes 00000001400276a8     glfw3:win32_monitor.c.obj
 0004:000006b4       $pdata$3$_glfwPlatformGetVideoModes 00000001400276b4     glfw3:win32_monitor.c.obj
 0004:000006c0       $pdata$4$_glfwPlatformGetVideoModes 00000001400276c0     glfw3:win32_monitor.c.obj
 0004:000006cc       $pdata$_glfwPlatformGetVideoMode 00000001400276cc     glfw3:win32_monitor.c.obj
 0004:000006d8       $pdata$_glfwPlatformSetGammaRamp 00000001400276d8     glfw3:win32_monitor.c.obj
 0004:000006e4       $pdata$createMonitor       00000001400276e4     glfw3:win32_monitor.c.obj
 0004:000006f0       $pdata$2$createMonitor     00000001400276f0     glfw3:win32_monitor.c.obj
 0004:000006fc       $pdata$3$createMonitor     00000001400276fc     glfw3:win32_monitor.c.obj
 0004:00000708       $pdata$_glfwInitTimerWin32 0000000140027708     glfw3:win32_time.c.obj
 0004:00000714       $pdata$_glfwPlatformGetTimerValue 0000000140027714     glfw3:win32_time.c.obj
 0004:00000720       $pdata$_glfwInputMonitorChange 0000000140027720     glfw3:monitor.c.obj
 0004:0000072c       $pdata$0$_glfwInputMonitorChange 000000014002772c     glfw3:monitor.c.obj
 0004:00000738       $pdata$1$_glfwInputMonitorChange 0000000140027738     glfw3:monitor.c.obj
 0004:00000744       $pdata$_glfwChooseVideoMode 0000000140027744     glfw3:monitor.c.obj
 0004:00000750       $pdata$1$_glfwChooseVideoMode 0000000140027750     glfw3:monitor.c.obj
 0004:0000075c       $pdata$2$_glfwChooseVideoMode 000000014002775c     glfw3:monitor.c.obj
 0004:00000768       $pdata$_glfwAllocMonitor   0000000140027768     glfw3:monitor.c.obj
 0004:00000774       $pdata$_glfwFreeMonitor    0000000140027774     glfw3:monitor.c.obj
 0004:00000780       $pdata$_glfwFreeMonitors   0000000140027780     glfw3:monitor.c.obj
 0004:0000078c       $pdata$0$_glfwFreeMonitors 000000014002778c     glfw3:monitor.c.obj
 0004:00000798       $pdata$1$_glfwFreeMonitors 0000000140027798     glfw3:monitor.c.obj
 0004:000007a4       $pdata$refreshVideoModes   00000001400277a4     glfw3:monitor.c.obj
 0004:000007b0       $pdata$0$refreshVideoModes 00000001400277b0     glfw3:monitor.c.obj
 0004:000007bc       $pdata$2$refreshVideoModes 00000001400277bc     glfw3:monitor.c.obj
 0004:000007c8       $pdata$_glfwTerminateVulkan 00000001400277c8     glfw3:vulkan.c.obj
 0004:000007d4       $pdata$_glfwRegisterWindowClassWin32 00000001400277d4     glfw3:win32_window.c.obj
 0004:000007e0       $pdata$_glfwUnregisterWindowClassWin32 00000001400277e0     glfw3:win32_window.c.obj
 0004:000007ec       $pdata$_glfwPlatformSetCursorMode 00000001400277ec     glfw3:win32_window.c.obj
 0004:000007f8       $pdata$_glfwPlatformCreateWindow 00000001400277f8     glfw3:win32_window.c.obj
 0004:00000804       $pdata$_glfwPlatformDestroyWindow 0000000140027804     glfw3:win32_window.c.obj
 0004:00000810       $pdata$_glfwPlatformGetFramebufferSize 0000000140027810     glfw3:win32_window.c.obj
 0004:00000810       $pdata$_glfwPlatformGetWindowSize 0000000140027810     glfw3:win32_window.c.obj
 0004:0000081c       $pdata$_glfwPlatformFocusWindow 000000014002781c     glfw3:win32_window.c.obj
 0004:00000828       $pdata$_glfwPlatformSetWindowMonitor 0000000140027828     glfw3:win32_window.c.obj
 0004:00000834       $pdata$0$_glfwPlatformSetWindowMonitor 0000000140027834     glfw3:win32_window.c.obj
 0004:00000840       $pdata$1$_glfwPlatformSetWindowMonitor 0000000140027840     glfw3:win32_window.c.obj
 0004:0000084c       $pdata$_glfwPlatformPollEvents 000000014002784c     glfw3:win32_window.c.obj
 0004:00000858       $pdata$0$_glfwPlatformPollEvents 0000000140027858     glfw3:win32_window.c.obj
 0004:00000864       $pdata$1$_glfwPlatformPollEvents 0000000140027864     glfw3:win32_window.c.obj
 0004:00000870       $pdata$2$_glfwPlatformPollEvents 0000000140027870     glfw3:win32_window.c.obj
 0004:0000087c       $pdata$3$_glfwPlatformPollEvents 000000014002787c     glfw3:win32_window.c.obj
 0004:00000888       $pdata$4$_glfwPlatformPollEvents 0000000140027888     glfw3:win32_window.c.obj
 0004:00000894       $pdata$5$_glfwPlatformPollEvents 0000000140027894     glfw3:win32_window.c.obj
 0004:000008a0       $pdata$_glfwPlatformSetCursor 00000001400278a0     glfw3:win32_window.c.obj
 0004:000008ac       $pdata$applyAspectRatio    00000001400278ac     glfw3:win32_window.c.obj
 0004:000008b8       $pdata$centerCursor        00000001400278b8     glfw3:win32_window.c.obj
 0004:000008c4       $pdata$cursorInClientArea  00000001400278c4     glfw3:win32_window.c.obj
 0004:000008d0       $pdata$updateCursorImage   00000001400278d0     glfw3:win32_window.c.obj
 0004:000008dc       $pdata$updateClipRect      00000001400278dc     glfw3:win32_window.c.obj
 0004:000008e8       $pdata$getKeyMods          00000001400278e8     glfw3:win32_window.c.obj
 0004:000008f4       $pdata$getAsyncKeyMods     00000001400278f4     glfw3:win32_window.c.obj
 0004:00000900       $pdata$translateKey        0000000140027900     glfw3:win32_window.c.obj
 0004:0000090c       $pdata$0$translateKey      000000014002790c     glfw3:win32_window.c.obj
 0004:00000918       $pdata$2$translateKey      0000000140027918     glfw3:win32_window.c.obj
 0004:00000924       $pdata$3$translateKey      0000000140027924     glfw3:win32_window.c.obj
 0004:00000930       $pdata$acquireMonitor      0000000140027930     glfw3:win32_window.c.obj
 0004:0000093c       $pdata$releaseMonitor      000000014002793c     glfw3:win32_window.c.obj
 0004:00000948       $pdata$windowProc          0000000140027948     glfw3:win32_window.c.obj
 0004:00000954       $pdata$2$windowProc        0000000140027954     glfw3:win32_window.c.obj
 0004:00000960       $pdata$3$windowProc        0000000140027960     glfw3:win32_window.c.obj
 0004:0000096c       $pdata$4$windowProc        000000014002796c     glfw3:win32_window.c.obj
 0004:00000978       $pdata$createNativeWindow  0000000140027978     glfw3:win32_window.c.obj
 0004:00000984       $pdata$2$createNativeWindow 0000000140027984     glfw3:win32_window.c.obj
 0004:00000990       $pdata$3$createNativeWindow 0000000140027990     glfw3:win32_window.c.obj
 0004:0000099c       $pdata$_glfwInitThreadLocalStorageWin32 000000014002799c     glfw3:win32_tls.c.obj
 0004:000009a8       $pdata$_glfwInitJoysticksWin32 00000001400279a8     glfw3:win32_joystick.c.obj
 0004:000009b4       $pdata$_glfwTerminateJoysticksWin32 00000001400279b4     glfw3:win32_joystick.c.obj
 0004:000009c0       $pdata$_glfwDetectJoystickConnectionWin32 00000001400279c0     glfw3:win32_joystick.c.obj
 0004:000009cc       $pdata$0$_glfwDetectJoystickConnectionWin32 00000001400279cc     glfw3:win32_joystick.c.obj
 0004:000009d8       $pdata$1$_glfwDetectJoystickConnectionWin32 00000001400279d8     glfw3:win32_joystick.c.obj
 0004:000009e4       $pdata$_glfwDetectJoystickDisconnectionWin32 00000001400279e4     glfw3:win32_joystick.c.obj
 0004:000009f0       $pdata$supportsXInput      00000001400279f0     glfw3:win32_joystick.c.obj
 0004:000009fc       $pdata$0$supportsXInput    00000001400279fc     glfw3:win32_joystick.c.obj
 0004:00000a08       $pdata$1$supportsXInput    0000000140027a08     glfw3:win32_joystick.c.obj
 0004:00000a14       $pdata$2$supportsXInput    0000000140027a14     glfw3:win32_joystick.c.obj
 0004:00000a20       $pdata$3$supportsXInput    0000000140027a20     glfw3:win32_joystick.c.obj
 0004:00000a2c       $pdata$4$supportsXInput    0000000140027a2c     glfw3:win32_joystick.c.obj
 0004:00000a38       $pdata$5$supportsXInput    0000000140027a38     glfw3:win32_joystick.c.obj
 0004:00000a44       $pdata$closeJoystick       0000000140027a44     glfw3:win32_joystick.c.obj
 0004:00000a50       $pdata$deviceObjectCallback 0000000140027a50     glfw3:win32_joystick.c.obj
 0004:00000a5c       $pdata$deviceCallback      0000000140027a5c     glfw3:win32_joystick.c.obj
 0004:00000a68       $pdata$0$deviceCallback    0000000140027a68     glfw3:win32_joystick.c.obj
 0004:00000a74       $pdata$1$deviceCallback    0000000140027a74     glfw3:win32_joystick.c.obj
 0004:00000a80       $pdata$2$deviceCallback    0000000140027a80     glfw3:win32_joystick.c.obj
 0004:00000a8c       $pdata$3$deviceCallback    0000000140027a8c     glfw3:win32_joystick.c.obj
 0004:00000a98       $pdata$openXinputDevice    0000000140027a98     glfw3:win32_joystick.c.obj
 0004:00000aa4       $pdata$0$openXinputDevice  0000000140027aa4     glfw3:win32_joystick.c.obj
 0004:00000ab0       $pdata$1$openXinputDevice  0000000140027ab0     glfw3:win32_joystick.c.obj
 0004:00000abc       $pdata$2$openXinputDevice  0000000140027abc     glfw3:win32_joystick.c.obj
 0004:00000ac8       $pdata$3$openXinputDevice  0000000140027ac8     glfw3:win32_joystick.c.obj
 0004:00000ad4       $pdata$4$openXinputDevice  0000000140027ad4     glfw3:win32_joystick.c.obj
 0004:00000ae0       $pdata$5$openXinputDevice  0000000140027ae0     glfw3:win32_joystick.c.obj
 0004:00000aec       $pdata$_glfwInitWGL        0000000140027aec     glfw3:wgl_context.c.obj
 0004:00000af8       $pdata$_glfwCreateContextWGL 0000000140027af8     glfw3:wgl_context.c.obj
 0004:00000b04       $pdata$getPixelFormatAttrib 0000000140027b04     glfw3:wgl_context.c.obj
 0004:00000b10       $pdata$choosePixelFormat   0000000140027b10     glfw3:wgl_context.c.obj
 0004:00000b1c       $pdata$2$choosePixelFormat 0000000140027b1c     glfw3:wgl_context.c.obj
 0004:00000b28       $pdata$3$choosePixelFormat 0000000140027b28     glfw3:wgl_context.c.obj
 0004:00000b34       $pdata$makeContextCurrentWGL 0000000140027b34     glfw3:wgl_context.c.obj
 0004:00000b40       $pdata$swapBuffersWGL      0000000140027b40     glfw3:wgl_context.c.obj
 0004:00000b4c       $pdata$0$swapBuffersWGL    0000000140027b4c     glfw3:wgl_context.c.obj
 0004:00000b58       $pdata$1$swapBuffersWGL    0000000140027b58     glfw3:wgl_context.c.obj
 0004:00000b64       $pdata$swapIntervalWGL     0000000140027b64     glfw3:wgl_context.c.obj
 0004:00000b70       $pdata$extensionSupportedWGL 0000000140027b70     glfw3:wgl_context.c.obj
 0004:00000b7c       $pdata$getProcAddressWGL   0000000140027b7c     glfw3:wgl_context.c.obj
 0004:00000b88       $pdata$destroyContextWGL   0000000140027b88     glfw3:wgl_context.c.obj
 0004:00000b94       $pdata$loadWGLExtensions   0000000140027b94     glfw3:wgl_context.c.obj
 0004:00000ba0       $pdata$_glfwInitEGL        0000000140027ba0     glfw3:egl_context.c.obj
 0004:00000bac       $pdata$_glfwTerminateEGL   0000000140027bac     glfw3:egl_context.c.obj
 0004:00000bb8       $pdata$_glfwCreateContextEGL 0000000140027bb8     glfw3:egl_context.c.obj
 0004:00000bc4       $pdata$0$_glfwCreateContextEGL 0000000140027bc4     glfw3:egl_context.c.obj
 0004:00000bd0       $pdata$1$_glfwCreateContextEGL 0000000140027bd0     glfw3:egl_context.c.obj
 0004:00000bdc       $pdata$chooseEGLConfig     0000000140027bdc     glfw3:egl_context.c.obj
 0004:00000be8       $pdata$4$chooseEGLConfig   0000000140027be8     glfw3:egl_context.c.obj
 0004:00000bf4       $pdata$5$chooseEGLConfig   0000000140027bf4     glfw3:egl_context.c.obj
 0004:00000c00       $pdata$makeContextCurrentEGL 0000000140027c00     glfw3:egl_context.c.obj
 0004:00000c0c       $pdata$swapBuffersEGL      0000000140027c0c     glfw3:egl_context.c.obj
 0004:00000c18       $pdata$extensionSupportedEGL 0000000140027c18     glfw3:egl_context.c.obj
 0004:00000c24       $pdata$getProcAddressEGL   0000000140027c24     glfw3:egl_context.c.obj
 0004:00000c30       $pdata$destroyContextEGL   0000000140027c30     glfw3:egl_context.c.obj
 0004:00000c3c       $pdata$ovr_Initialize      0000000140027c3c     LibOVR:OVR_CAPIShim.obj
 0004:00000c48       $pdata$0$ovr_Initialize    0000000140027c48     LibOVR:OVR_CAPIShim.obj
 0004:00000c54       $pdata$1$ovr_Initialize    0000000140027c54     LibOVR:OVR_CAPIShim.obj
 0004:00000c60       $pdata$ovr_Shutdown        0000000140027c60     LibOVR:OVR_CAPIShim.obj
 0004:00000c6c       $pdata$ovr_GetHmdDesc      0000000140027c6c     LibOVR:OVR_CAPIShim.obj
 0004:00000c78       $pdata$ovr_GetFovTextureSize 0000000140027c78     LibOVR:OVR_CAPIShim.obj
 0004:00000c84       $pdata$swprintf            0000000140027c84     LibOVR:OVR_CAPIShim.obj
 0004:00000c90       $pdata$OVR_Win32_SignCheck 0000000140027c90     LibOVR:OVR_CAPIShim.obj
 0004:00000c9c       $pdata$2$OVR_Win32_SignCheck 0000000140027c9c     LibOVR:OVR_CAPIShim.obj
 0004:00000ca8       $pdata$3$OVR_Win32_SignCheck 0000000140027ca8     LibOVR:OVR_CAPIShim.obj
 0004:00000cb4       $pdata$4$OVR_Win32_SignCheck 0000000140027cb4     LibOVR:OVR_CAPIShim.obj
 0004:00000cc0       $pdata$5$OVR_Win32_SignCheck 0000000140027cc0     LibOVR:OVR_CAPIShim.obj
 0004:00000ccc       $pdata$OVR_FindLibraryPath 0000000140027ccc     LibOVR:OVR_CAPIShim.obj
 0004:00000cd8       $pdata$OVR_LoadSharedLibrary 0000000140027cd8     LibOVR:OVR_CAPIShim.obj
